3
-EXIT: 5904 16 0 Hythloth 
-EXIT: 5904 16 1 Hythloth 
+TELEPORTER: 5217 18 0 To Town 
+TELEPORTER: 5217 18 1 To Town 
-INN: 5165 30 0 Seeker's Inn 
-INN: 5165 30 1 Seeker's Inn 
-INN: 5310 34 0 Bunkhouse 
-INN: 5310 34 1 Bunkhouse 
-BAKER: 5351 56 0 Mage's Appetite 
-BAKER: 5351 56 1 Mage's Appetite 
-POINTOFINTEREST: 5251 58 0 Park 
-POINTOFINTEREST: 5251 58 1 Park 
-MAGE: 5148 60 0 Wind Alchemy 
-MAGE: 5148 60 1 Wind Alchemy 
+TELEPORTER: 5199 71 0 To Park 
+TELEPORTER: 5199 71 1 To Park 
-BANK: 5346 74 0 Wind Bank 
-BANK: 5346 74 1 Wind Bank 
+SCENIC: 2452 79 0 The North Mines 
+SCENIC: 2452 79 1 The North Mines 
+DUNGEON: 1996 80 0 Ice 
+DUNGEON: 1996 80 1 Ice 
-TAILOR: 5203 86 0 Windy Clothes 
-TAILOR: 5203 86 1 Windy Clothes 
-MAGE: 5301 88 0 The Alchemist of Wind 
-MAGE: 5301 88 1 The Alchemist of Wind 
-PROVISIONER: 5154 97 0 Mage's Things 
-PROVISIONER: 5154 97 1 Mage's Things 
+TOWN: 5252 104 0 Wind 
+TOWN: 5252 104 1 Wind 
-EXIT: 428 112 2 Sorcerer Dungeon 
-EXIT: 1980 116 2 Exodus Lair 
-REAGENTS: 5215 117 0 Magical Supplies 
-REAGENTS: 5215 117 1 Magical Supplies 
-HEALER: 5263 129 0 Wind Healer 
-HEALER: 5263 129 1 Wind Healer 
-EXIT: 5396 129 0 Shame 
-EXIT: 5396 129 1 Shame 
-LIBRARY: 5238 144 0 The Learned Mage 
-LIBRARY: 5238 144 1 The Learned Mage 
-EXIT: 5875 147 0 Ice (LL) 
-EXIT: 5875 147 1 Ice (LL) 
-EXIT: 5191 152 0 To Surface 
-EXIT: 5191 152 1 To Surface 
+SCENIC: 1738 174 2 Volcanic Basin 
-INN: 5218 175 0 Windy Inn 
-INN: 5218 175 1 Windy Inn 
-LIBRARY: 5243 179 0 Seat of Knowledge 
-LIBRARY: 5243 179 1 Seat of Knowledge 
+POINT: 1095 197 3 Tunnel 
+SHRINE: 529 212 2 Shrine of Valor 
+MOONGATE: 528 216 2 Valor Moongate 
+MOONGATE: 1721 218 2 Chaos Moongate 
+POINT: 2404 218 0 Passage to Lost Lands 
+POINT: 2404 218 1 Passage to Lost Lands 
+DUNGEON: 976 220 4 Fan Dancer Dojo 
+DUNGEON: 2042 226 0 Wrong 
+DUNGEON: 2042 226 1 Wrong 
+TERRAIN: 792 228 4 Beetlescape 
+SHRINE: 1749 234 2 Shrine of Chaos 
-EXIT: 5882 243 0 Ice (B) 
-EXIT: 5882 243 1 Ice (B) 
-POINT: 5165 246 0 Entrance 
-POINT: 5165 246 1 Entrance 
+SCENIC: 747 247 2 Cyclops Garden 
+POINT: 1071 247 3 Tunnel 
+TERRAIN: 1028 272 2 Pass of Karnaugh 
+SHRINE: 3355 289 0 Shrine of Sacrifice 
+SHRINE: 3355 289 1 Shrine of Sacrifice 
+SCENIC: 1701 291 2 Statue Room 
+LANDMARK: 1668 292 2 Montor 
+HEALER: 682 297 2 Healer's Hut 
+POINT: 1658 304 3 Tunnel 
+POINT: 1414 317 2 Ancient Wyrm's Lair 
-EXIT: 2188 319 2 Rock Dungeon 
+RUINS: 2192 327 3 Grimswind Ruins 
+CHAMPIDOL: 383 329 2 Champ "Valor" 
+POINT: 1811 359 3 Tunnel 
+BODYOFWATER: 495 370 2 Pormir Felwis 
-STABLE: 2526 375 0 Stables 
-STABLE: 2526 375 1 Stables 
+TERRAIN: 1580 384 3 Northern Crags 
+SCENIC: 473 385 4 Homare's Eye 
-TAVERN: 2475 397 0 The Barnacle 
-TAVERN: 2475 397 1 The Barnacle 
-POINTOFINTEREST: 320 406 4 Bushido Dojo 
-BUTCHER: 2438 410 0 The Slaughtered Cow 
-BUTCHER: 2438 410 1 The Slaughtered Cow 
+LANDMARK: 580 420 2 Terort Skitas "Temple of Knowledge" 
+BODYOFWATER: 1620 420 2 Termir Flam "The Lake of Fire" 
+TOWN: 1380 425 2 Gypsy Caravan 
-PROVISIONER: 2453 425 0 The Old Miners' Supplies 
-PROVISIONER: 2453 425 1 The Old Miners' Supplies 
+DUNGEON: 556 427 2 Sorcerer Dungeon 
-STABLE: 1388 428 2 Animal Pen 
-HEALER: 1407 428 2 Healer's Hut 
-WARRIORSGUILD: 2482 428 0 The New World Order 
-WARRIORSGUILD: 2482 428 1 The New World Order 
+DUNGEON: 4111 429 0 Deceit 
+DUNGEON: 4111 429 1 Deceit 
+POINT: 1628 432 3 Tunnel 
-MINERSGUILD: 2505 432 0 The Golden Pick Axe 
-MINERSGUILD: 2505 432 1 The Golden Pick Axe 
-BUTCHER: 1400 434 2 A Butcher 
-BRASS: 2434 438 0 Counselor's Guild 
-BRASS: 2434 438 1 Counselor's Guild 
-MAGE: 1394 441 2 A Mage 
+TERRAIN: 1460 448 2 Alexandretta's Bowl 
+POINT: 911 451 2 Exit to Ilshenar 
+DUNGEON: 548 454 2 Sorcerer Dungeon 
+POINT: 2157 456 3 Tunnel 
-TINKER: 2461 457 0 Gears and Gadgets 
-TINKER: 2461 457 1 Gears and Gadgets 
+MOONGATE: 1215 467 2 Compassion Moongate 
+BODYOFWATER: 706 469 2 Pormir Harm 
+SCENIC: 728 470 2 Stepping Stones 
+POINT: 1790 475 3 Tunnel 
+SHRINE: 1210 477 2 Shrine of Compassion 
-CARPENTER: 2513 477 0 The Oak Throne 
-CARPENTER: 2513 477 1 The Oak Throne 
+TOWN: 985 481 3 Luna 
-MINERSGUILD: 2455 487 0 The Matewan 
-MINERSGUILD: 2455 487 1 The Matewan 
+SCENIC: 748 489 2 Band Stand 
-POINTOFINTEREST: 1228 489 4 Ferret Racetrack 
+SCENIC: 948 492 2 Volcano 
+SCENIC: 2587 492 0 The East Mines 
+SCENIC: 2587 492 1 The East Mines 
+LANDMARK: 753 493 2 Gwenno's Memorial 
+DUNGEON: 940 502 2 Volcanic Lair 
+SHRINE: 976 510 3 Shrine of Wisdom 
-BLACKSMITH: 981 510 3 Shining Blades 
-PROVISIONER: 994 510 3 Open Market 
-CARPENTER: 1005 510 3 Hardwoods and More 
+POINT: 1195 511 3 Horus' Cave 
-BANK: 992 520 3 Luna Bank 
-INN: 1005 522 3 Paladin's Stopover 
-POINTOFINTEREST: 2465 522 0 Statues 
-POINTOFINTEREST: 2465 522 1 Statues 
+TOWN: 2502 522 0 Minoc 
+TOWN: 2502 522 1 Minoc 
+RUINS: 875 524 2 Ruined Villa 
-TANNER: 2524 524 0 The Stretched Hide 
-TANNER: 2524 524 1 The Stretched Hide 
+MOONGATE: 1015 527 3 Luna Moongate 
-POINTOFINTEREST: 2429 528 0 Minoc Town Hall 
-POINTOFINTEREST: 2429 528 1 Minoc Town Hall 
-TAILOR: 981 530 3 Clothier's Colors 
-MAGE: 1005 530 3 Sage's Refuge 
+LANDMARK: 2590 532 0 Mining Camp 
+LANDMARK: 2590 532 1 Mining Camp 
-HEALER: 284 536 2 Healer's Hut 
-HEALER: 575 537 2  
-PROVISIONER: 1598 539 2 A Provisioner 
-JEWELLER: 1605 541 2 A Jeweler 
+RUINS: 1516 542 2 Ancient Citadel 
-HEALER: 1235 543 2 Healer's Hut 
+RUINS: 512 546 2 Bandit Encampment 
-HEALER: 1628 548 2 Healer's Hut 
-PROVISIONER: 2532 548 0 The Survival Shop 
-PROVISIONER: 2532 548 1 The Survival Shop 
+TOWN: 1608 550 2 Desert Outpost 
-TAILOR: 1600 552 2 A Tailor 
-BANK: 2503 552 0 Bank of Minoc 
-BANK: 2503 552 1 Bank of Minoc 
-BANK: 1226 554 2 A Bank 
-INN: 1620 554 2 An Inn 
-BARD: 2424 555 0 The Mystical Lute 
-BARD: 2424 555 1 The Mystical Lute 
-BANK: 1610 556 2 A Bank 
-STABLE: 1225 563 2 Animal Pen 
+SHRINE: 4212 563 0 Shrine of Honesty 
+SHRINE: 4212 563 1 Shrine of Honesty 
-BLACKSMITH: 2471 564 0 The Forgery 
-BLACKSMITH: 2471 564 1 The Forgery 
+TOWN: 1240 565 2 Gypsy Caravan 
-MAGE: 840 571 2 Ter-Ort-Lem 
+POINT: 2082 574 3 Tunnel 
-ARMS: 2533 576 0 Warrior's Battle Gear 
-ARMS: 2533 576 1 Warrior's Battle Gear 
-BLACKSMITH: 1261 582 2 A Forge 
+POINT: 1236 583 2 Entrance to Central Area 
-ARMS: 808 586 2 Angra-Char-In-Lem 
-HEALER: 872 586 2 In-Mani-Lem 
-TINKER: 1253 588 2 A Tinker 
+POINT: 1140 593 2 Exit to Ilshenar 
-HEALER: 2577 599 0 The Healing Hand 
-HEALER: 2577 599 1 The Healing Hand 
-PROVISIONER: 824 602 2 Ben-In-Lem 
-BANK: 855 603 2 Atri-Aur 
-TAILOR: 896 610 2 Skis-In-Lem 
-MAGE: 1505 611 2 A Mage 
-BAKER: 1514 611 2  
-ARMS: 1497 614 2 An Armourer 
+TERRAIN: 1388 616 3 Crystal Fens 
-BRASS: 792 617 2 Lap-In-Lem 
-STABLE: 1499 619 2 The Stables 
-HEALER: 1518 619 2 Healer's Hut 
+BODYOFWATER: 993 620 2 Oasis 
-TAILOR: 2961 621 0 The Spinning Wheel 
-TAILOR: 2961 621 1 The Spinning Wheel 
+TOWN: 1506 622 2 Desert Outpost 
-LIBRARY: 869 625 2 Librum 
+MOONGATE: 271 629 4 Homare-Jima Gate 
-EXIT: 5588 632 0 Despise 
-EXIT: 5588 632 1 Despise 
-EXIT: 5825 632 0 Wrong 
-EXIT: 5825 632 1 Wrong 
+SHRINE: 1300 633 0 Shrine of Justice 
+SHRINE: 1300 633 1 Shrine of Justice 
+LANDMARK: 939 637 3 Grand Arena 
+TERRAIN: 966 637 2 Desert 
-PROVISIONER: 2992 638 0 The Adventurer's Supplies 
-PROVISIONER: 2992 638 1 The Adventurer's Supplies 
-EXIT: 5188 638 0 Deceit 
-EXIT: 5188 638 1 Deceit 
-TINKER: 766 641 2 Atri-Ben-In-Ailem 
-POINTOFINTEREST: 792 641 2 Fountain 
+TOWN: 836 641 2 Ver Lor Reg 
+SCENIC: 2533 654 0 Gypsy Camp 
+SCENIC: 2533 654 1 Gypsy Camp 
-MAGE: 2892 654 0 The Bubbling Brew 
-MAGE: 2892 654 1 The Bubbling Brew 
-LIBRARY: 868 657 2 Librum 
+TERRAIN: 1352 664 2 Glacier 
-INN: 665 665 2 The Deuce's Vinculum Inn 
-BLACKSMITH: 792 665 2 Zhel-In-Lem 
+POINT: 710 667 2 Entrance to Central Area 
+TELEPORTER: 5265 669 0 To Champ "Fire" 
-MAGE: 2918 672 0 The Magical Light 
-MAGE: 2918 672 1 The Magical Light 
-BRASS: 894 673 2 Ter-An-Eks-Por 
+TERRAIN: 911 675 4 Hiryu Forest 
-PROVISIONER: 826 679 2 Ben-In-Lem 
-BANK: 854 680 2 Atri-Aur 
+TELEPORTER: 5265 683 0 To Champ "Despise" 
-BANK: 2881 684 0 The Mint of Vesper 
-BANK: 2881 684 1 The Mint of Vesper 
-BRASS: 872 686 2 Lap-In-Lem 
-POINTOFINTEREST: 39 688 2 Dragon's Egg 
+MOONGATE: 2702 692 0 Minoc Moongate 
+MOONGATE: 2702 692 1 Minoc Moongate 
-ARMS: 808 697 2 Anglo-In-Lem 
-JEWELLER: 859 698 2 Klar-Lap-In-Lem 
+SCENIC: 1038 701 2 Tribal Berry Orchard 
+LANDMARK: 1091 703 2 Controller Tower 
-GATE: 1200 704 2 Entrance 
-BEEKEEPER: 2957 705 0 The Busy Bees 
-BEEKEEPER: 2957 705 1 The Busy Bees 
-INN: 840 707 2 Ter-Zu 
-POINT: 5331 707 0 From Ancient Wyrm's Lair - Teleporter 
+CHAMPIDOL: 5178 708 0 Champ Deceit: Neira (Unholy Terror) 
-PAINTER: 2906 710 0 The Colored Canvas 
-PAINTER: 2906 710 1 The Colored Canvas 
-JEWELLER: 2882 723 0 The Shimmering Jewel 
-JEWELLER: 2882 723 1 The Shimmering Jewel 
+MOONGATE: 744 724 2 Honor Moongate 
+SCENIC: 1269 727 2 Hay Fields 
+SHRINE: 748 731 2 Shrine of Honor 
+LANDMARK: 1238 733 2 Savage Clan Settlement 
+SCENIC: 1280 734 2 Reagent Garden 
-MINERSGUILD: 2855 734 0 The Ore of Vesper 
-MINERSGUILD: 2855 734 1 The Ore of Vesper 
+TERRAIN: 1124 739 2 Swamp 
-PIN: 2891 744 0 The Musician's Hall 
-PIN: 2891 744 1 The Musician's Hall 
-EXIT: 84 750 2 Volcanic Lair 
+MOONGATE: 771 754 0 Yew Moongate 
+MOONGATE: 771 754 1 Yew Moongate 
-BAKER: 2998 760 0 The Twisted Oven 
-BAKER: 2998 760 1 The Twisted Oven 
+SCENIC: 1201 762 2 Hay Fields 
+SCENIC: 1211 763 2 Vegetable Patch 
+LANDMARK: 295 764 0 Britannia Prison 
+LANDMARK: 295 764 1 Britannia Prison 
-BRASS: 3019 766 0 Farmer's Market 
-BRASS: 3019 766 1 Farmer's Market 
-PIN: 1288 769 2 Burning Corpse 
-BUTCHER: 2992 776 0 The Butcher's Knife 
-BUTCHER: 2992 776 1 The Butcher's Knife 
+DUNGEON: 829 779 2 Exodus Lair 
+POINTOFINTEREST: 1280 779 2 Ridgeback Pen 
-BRASS: 3018 785 0 Fisherman's Warf 
-BRASS: 3018 785 1 Fisherman's Warf 
+LANDMARK: 318 789 0 To Lighthouse 
+LANDMARK: 318 789 1 To Lighthouse 
-TINKER: 2899 790 0 The Gadget's Corner 
-TINKER: 2899 790 1 The Gadget's Corner 
-CARPENTER: 2917 798 0 The Hammer and Nail 
-CARPENTER: 2917 798 1 The Hammer and Nail 
-POINT: 5606 802 0 From Fire and Deceit Teleporter 
-ARMS: 2835 805 0 Warrior's Companion 
-ARMS: 2835 805 1 Warrior's Companion 
-INN: 610 810 0 Abbey Innkeeper 
-INN: 610 810 1 Abbey Innkeeper 
-FLETCHER: 2861 812 0 The Ranger's Tool 
-FLETCHER: 2861 812 1 The Ranger's Tool 
-FISHERMANSGUILD: 2963 813 0 The Fisherman's Guild 
-FISHERMANSGUILD: 2963 813 1 The Fisherman's Guild 
+TELEPORTER: 5506 814 0 to Ancient Wyrm's Lair (Destard Level 3) 
+BODYOFWATER: 1128 816 2 Pormir Priin "River of Unity" 
+TELEPORTER: 5506 817 0 to Champ "Terathan Keep" 
-SHIPWRIGHT: 2997 819 0 The Majestic Boat 
-SHIPWRIGHT: 2997 819 1 The Majestic Boat 
+LANDMARK: 647 820 2 Ratman Villa 
-BANK: 652 820 0 Abbey Banker 
-BANK: 652 820 1 Abbey Banker 
-POINTOFINTEREST: 553 826 0 Yew Mill 
-POINTOFINTEREST: 553 826 1 Yew Mill 
+CHAMPIDOL: 5557 826 0 Champ of Despise: Barracoon (Vermin Horde) 
-DOCKS: 3034 827 0 Vesper Docks 
-DOCKS: 3034 827 1 Vesper Docks 
-EXIT: 2114 830 2 Blood Dungeon 
+CHAMPIDOL: 5259 837 0 Champ of Destard: Rikktor (Cold Blood) 
+TOWN: 2884 839 0 Vesper 
+TOWN: 2884 839 1 Vesper 
+SHRINE: 1458 844 0 Shrine of Chaos 
+SHRINE: 1458 844 1 Shrine of Chaos 
-REAGENTS: 2992 844 0 The Magician's Friend 
-REAGENTS: 2992 844 1 The Magician's Friend 
+TELEPORTER: 4540 845 0 Portal to Papua (Say: 'Recdu') 
+TELEPORTER: 4540 845 1 Portal to Papua (Say: 'Recdu') 
+LANDMARK: 635 851 0 Empath Abbey 
+LANDMARK: 635 851 1 Empath Abbey 
-ARMS: 2865 852 0 The Ironworks 
-ARMS: 2865 852 1 The Ironworks 
-HEALER: 2920 856 0 Healer of Vesper 
-HEALER: 2920 856 1 Healer of Vesper 
-MAGESGUILD: 4545 860 0 Encyclopedia Magicka 
-MAGESGUILD: 4545 860 1 Encyclopedia Magicka 
+RUINS: 337 864 2 Ruins 
+LANDMARK: 1256 865 0 Training Tower 
+LANDMARK: 1256 865 1 Training Tower 
+GRAVEYARD: 2753 867 0 Vesper Cemetery 
+GRAVEYARD: 2753 867 1 Vesper Cemetery 
+DUNGEON: 811 874 2 Serpentine Passage 
+SHRINE: 1858 874 0 Shrine of Compassion 
+SHRINE: 1858 874 1 Shrine of Compassion 
+DUNGEON: 1490 879 2 Spider Cave 
+TELEPORTER: 1516 879 2 To Reg Volom (The Island) 
+TERRAIN: 480 882 2 lava vent 
-TAILOR: 2840 885 0 The Spinning Wheel 
-TAILOR: 2840 885 1 The Spinning Wheel 
-INN: 2962 885 0 Vesper Youth Hostel 
-INN: 2962 885 1 Vesper Youth Hostel 
-POINTOFINTEREST: 618 886 0 Ye Olde Winery 
-POINTOFINTEREST: 618 886 1 Ye Olde Winery 
+GRAVEYARD: 327 889 2 Graveyard 
+DUNGEON: 1361 890 0 Wind 
+DUNGEON: 1361 890 1 Wind 
+TERRAIN: 1372 892 3 Divide of the Abyss 
+LANDMARK: 2775 893 0 Passage to Lost Cemetery 
+LANDMARK: 2775 893 1 Passage to Lost Cemetery 
+LANDMARK: 370 899 0 Court of Truth 
+LANDMARK: 370 899 1 Court of Truth 
-WARRIORSGUILD: 2841 907 0 The Champion's of Light 
-WARRIORSGUILD: 2841 907 1 The Champion's of Light 
-TAVERN: 2901 908 0 The Marsh Hall 
-TAVERN: 2901 908 1 The Marsh Hall 
+DUNGEON: 1420 910 2 Reg Nox (Spider Cave) 
+DUNGEON: 2499 916 0 Covetous 
+DUNGEON: 2499 916 1 Covetous 
+CHAMPIDOL: 462 926 2 Champ "Humility" 
+DUNGEON: 664 929 2 Ilshen's Tomb 
+RUINS: 653 933 2 Ruined Tower 
-CUSTOMS: 2944 934 0 Vesper Customs 
-CUSTOMS: 2944 934 1 Vesper Customs 
+TOWN: 504 942 0 Yew 
+TOWN: 504 942 1 Yew 
-BRASS: 2843 944 0 Counselor's Guild 
-BRASS: 2843 944 1 Counselor's Guild 
+SCENIC: 596 946 2 A Flowstone Surrounded By Runes 
+LANDMARK: 18 950 2 The Oracle 
-HEALER: 1093 955 2 A Healing Temple 
+RUINS: 1249 955 2 Bet-Lem Reg 
-HEALER: 532 958 0 Healer of Yew 
-HEALER: 532 958 1 Healer of Yew 
+TERRAIN: 1447 964 2 Spider Wood 
+SCENIC: 1675 965 2 Harpy Nest 
-BOWYER: 564 968 0 The Sturdy Bow 
-BOWYER: 564 968 1 The Sturdy Bow 
-INN: 2782 969 0 The Ironwood Inn 
-INN: 2782 969 1 The Ironwood Inn 
+TELEPORTER: 5140 973 0 to Deceit (Level 4) 
+TELEPORTER: 5145 973 0 to Champ "Terathan Keep" 
-BRASS: 616 980 0 Counselor's Guild 
-BRASS: 616 980 1 Counselor's Guild 
+TELEPORTER: 2618 980 0 Gate to Buccaneer's Den 
+TELEPORTER: 2618 980 1 Gate to Buccaneer's Den 
-POINTOFINTEREST: 2743 980 0 Vesper Guard Tower 
-POINTOFINTEREST: 2743 980 1 Vesper Guard Tower 
-POINTOFINTEREST: 2923 981 0 Vesper Museum 
-POINTOFINTEREST: 2923 981 1 Vesper Museum 
-TANNER: 517 986 0 The Tanned Hide 
-TANNER: 517 986 1 The Tanned Hide 
+LANDMARK: 917 993 2 Watchpost 
-EXIT: 1787 993 2 Spider Cave 
-BAKER: 559 995 0 The Jolly Baker 
-BAKER: 559 995 1 The Jolly Baker 
-TANNER: 2860 999 0 Tanner's Shop 
-TANNER: 2860 999 1 Tanner's Shop 
+LANDMARK: 894 1000 2 Dam 
+LANDMARK: 4312 1000 0 The Lyceaeum 
+LANDMARK: 4312 1000 1 The Lyceaeum 
+RUINS: 1586 1004 2 abandoned building 
+SHRINE: 985 1005 2 Shrine of Justice 
-EXIT: 5244 1007 0 Destard 
-EXIT: 5244 1007 1 Destard 
-BUTCHER: 529 1008 0 Yew's Finest Cuts 
-BUTCHER: 529 1008 1 Yew's Finest Cuts 
-POINT: 5164 1009 0 From Despise Teleporter 
+MOONGATE: 987 1011 2 Justice Moongate 
+SHRINE: 287 1013 2 Shrine of Humility 
-CARPENTER: 570 1015 0 Bloody Thumb Woodworks 
-CARPENTER: 570 1015 1 Bloody Thumb Woodworks 
+MOONGATE: 281 1016 2 Humility Moongate 
+DUNGEON: 1363 1032 2 Spectre Dungeon 
+SCENIC: 1197 1034 2 Giant Yew Tree 
-SHIPWRIGHT: 634 1038 0 Great Oak Vessels 
-SHIPWRIGHT: 634 1038 1 Great Oak Vessels 
-DOCKS: 4406 1038 0 Moonglow Docks 
-DOCKS: 4406 1038 1 Moonglow Docks 
+TERRAIN: 219 1049 4 Crane Marsh 
-INN: 1560 1049 2 Twin Oaks Tavern 
-HEALER: 1364 1051 2 Ethereal Fortress' Healer 
+LANDMARK: 821 1060 2 Mistas 
-TAILOR: 4458 1060 0 Scholar's Cut 
-TAILOR: 4458 1060 1 Scholar's Cut 
-PAINTER: 4525 1060 0 Academy of Arts 
-PAINTER: 4525 1060 1 Academy of Arts 
-PROVISIONER: 4417 1064 0 The Scholar's Goods 
-PROVISIONER: 4417 1064 1 The Scholar's Goods 
-INN: 4484 1064 0 Moonglow Student Hostel 
-INN: 4484 1064 1 Moonglow Student Hostel 
-BAKER: 4392 1068 0 Mage's Bread 
-BAKER: 4392 1068 1 Mage's Bread 
+LANDMARK: 1362 1073 2 Reg Volom 
+LANDMARK: 1675 1074 2 Tower 
+DUNGEON: 1296 1082 0 Despise 
+DUNGEON: 1296 1082 1 Despise 
-CARPENTER: 4416 1085 0 The Mage's Seat 
-CARPENTER: 4416 1085 1 The Mage's Seat 
-BRASS: 4481 1085 0 Farmer's Market 
-BRASS: 4481 1085 1 Farmer's Market 
-HEALER: 647 1087 0 Deep Forest Healing 
-HEALER: 647 1087 1 Deep Forest Healing 
-HEALER: 4392 1089 0 Moonglow Healer 
-HEALER: 4392 1089 1 Moonglow Healer 
-MAGE: 4448 1090 0 Moonglow's Finest Alchemy 
-MAGE: 4448 1090 1 Moonglow's Finest Alchemy 
+GRAVEYARD: 2437 1104 0 Cemetery 
+GRAVEYARD: 2437 1104 1 Cemetery 
+TELEPORTER: 1363 1105 2 To Spider Cave 
-EXIT: 1982 1106 2 Spectre Dungeon 
+CHAMPIDOL: 1645 1108 2 Champ "Lord Oaks and the Forest Queen"  
-REAGENTS: 4416 1112 0 Moonglow Reagent Shop 
-REAGENTS: 4416 1112 1 Moonglow Reagent Shop 
-POINTOFINTEREST: 2212 1115 0 WatchTower 
-POINTOFINTEREST: 2212 1115 1 WatchTower 
+SCENIC: 4708 1116 0 Telescope 
+SCENIC: 4708 1116 1 Telescope 
+GRAVEYARD: 722 1117 0 Yew Cemetery 
+GRAVEYARD: 722 1117 1 Yew Cemetery 
-ARMS: 4392 1117 0 The Mighty Axe 
-ARMS: 4392 1117 1 The Mighty Axe 
+TOWN: 4457 1117 0 Moonglow 
+TOWN: 4457 1117 1 Moonglow 
+BODYOFWATER: 1316 1120 2 Termir Ilshen "Ilshen's Lake" 
+LANDMARK: 1442 1122 2 Small Lumber Camp 
-POINT: 4442 1122 0 Teleporter Park 
-POINT: 4442 1122 1 Teleporter Park 
-BRASS: 4478 1126 0 Counselor's Guild 
-BRASS: 4478 1126 1 Counselor's Guild 
+TOWN: 1200 1127 2 Lakeshire (Mireg) 
-REAGENTS: 4416 1133 0 Herbal Splendor 
-REAGENTS: 4416 1133 1 Herbal Splendor 
-BUTCHER: 4395 1137 0 The Fatted Calf 
-BUTCHER: 4395 1137 1 The Fatted Calf 
+RUINS: 360 1140 2 Undead Fort 
+LANDMARK: 575 1140 2 abandoned Tower 
+GRAVEYARD: 3529 1141 0 Nujel'm Cemetery 
+GRAVEYARD: 3529 1141 1 Nujel'm Cemetery 
-INN: 774 1144 2 Mistas Regsit 
+TERRAIN: 2172 1144 3 Corrupted Forests 
-BOWYER: 624 1147 0 Great Oak Bowyer 
-BOWYER: 624 1147 1 Great Oak Bowyer 
+DUNGEON: 1030 1154 2 Ter Anra (Ratman Mine) 
+DUNGEON: 576 1156 2 Ilshen's Tomb 
-BANK: 4471 1156 0 First Bank of Moonglow and Tinker's Guild 
-BANK: 4471 1156 1 First Bank of Moonglow and Tinker's Guild 
-STAIRSDOWN: 4471 1177 0 Drop 
-STAIRSDOWN: 4471 1177 1 Drop 
-ARMS: 4440 1162 0 Second Defense Armory 
-ARMS: 4440 1162 1 Second Defense Armory 
-INN: 4401 1165 0 The Scholar's Inn 
-INN: 4401 1165 1 The Scholar's Inn 
+LANDMARK: 5291 1169 0 Jail 
+LANDMARK: 5291 1169 1 Jail 
-ARMS: 2217 1170 0 The Warrior's Supplies 
-ARMS: 2217 1170 1 The Warrior's Supplies 
-BUTCHER: 3555 1171 0 Nujel'm Butcher 
-BUTCHER: 3555 1171 1 Nujel'm Butcher 
-JEWELLER: 3778 1172 0 Jewel of the Isle 
-JEWELLER: 3778 1172 1 Jewel of the Isle 
-TANNER: 3545 1178 0 Nujel'm Tannery 
-TANNER: 3545 1178 1 Nujel'm Tannery 
+TERRAIN: 736 1180 3 Crumbling Continent 
-DOCKS: 2256 1181 0 Cove Dock 
-DOCKS: 2256 1181 1 Cove Dock 
-BLACKSMITH: 3546 1185 0 Nujel'm Blacksmith 
-BLACKSMITH: 3546 1185 1 Nujel'm Blacksmith 
+SCENIC: 1183 1188 2 Orchard 
+SCENIC: 1589 1190 2 Flowstone 
-BRASS: 3769 1190 0 Counselor's Guild 
-BRASS: 3769 1190 1 Counselor's Guild 
+SCENIC: 1548 1192 2 Pool 
-PROVISIONER: 2216 1192 0 The Farmer's Market 
-PROVISIONER: 2216 1192 1 The Farmer's Market 
-FLETCHER: 3546 1194 0 Nujel'm Bowry 
-FLETCHER: 3546 1194 1 Nujel'm Bowry 
+TERRAIN: 420 1196 2 Nox Tereg 
-EXIT: 20 1197 2 Ki-rin Reserve 
-BARDICGUILD: 3740 1197 0 Bardic Guild 
-BARDICGUILD: 3740 1197 1 Bardic Guild 
-BLACKSMITH: 3554 1202 0 Public Smithing 
-BLACKSMITH: 3554 1202 1 Public Smithing 
-GATE: 3657 1202 0 City Gates 
-GATE: 3657 1202 1 City Gates 
-ILLUSIONISTSGUILD: 4626 1207 0 Masters of Illusion 
-ILLUSIONISTSGUILD: 4626 1207 1 Masters of Illusion 
-GATE: 2281 1210 0 town gate 
-GATE: 2281 1210 1 town gate 
-SHIPWRIGHT: 3700 1214 0 Seaborne Ships 
-SHIPWRIGHT: 3700 1214 1 Seaborne Ships 
+LANDMARK: 1340 1226 3 Orc Fort 
-CUSTOMS: 3717 1228 0 Seaborne Ships 
-TAVERN: 3770 1228 0 Mystical Spirits 
-TAVERN: 3770 1228 1 Mystical Spirits 
-SCENIC: 750 1231 4 Memorial 
-HEALER: 2245 1231 0 The Healing Hand 
-HEALER: 2245 1231 1 The Healing Hand 
+TOWN: 3600 1231 0 Nujel'm 
+TOWN: 3600 1231 1 Nujel'm 
-THEATRE: 3739 1231 0 Nujel'm Theater 
-THEATRE: 3739 1231 1 Nujel'm Theater 
+DUNGEON: 1747 1235 2 Blood Dungeon 
+TOWN: 2263 1237 0 Cove 
+TOWN: 2263 1237 1 Cove 
-GATE: 401 1251 2 Lizardman Gate 
+POINT: 2140 1252 2 Dreadhorn's Island 
-TAVERN: 3736 1255 0 The Silver Bow 
-TAVERN: 3736 1255 1 The Silver Bow 
-GATE: 367 1261 2 Lizardman Gate 
+SCENIC: 1606 1265 2 forge 
-TAILOR: 3774 1265 0 Tailor of the Isle 
-TAILOR: 3774 1265 1 Tailor of the Isle 
-EXIT: 4 1267 2 Ilshen's Tomb (Ruined Tower) 
+DUNGEON: 2357 1268 3 Doom 
+LANDMARK: 907 1283 2 Cyclops Pyramid 
+SCENIC: 768 1284 2 Campfire 
-POINTOFINTEREST: 3690 1284 0 Nujel'm Palace 
-POINTOFINTEREST: 3690 1284 1 Nujel'm Palace 
+MOONGATE: 4468 1284 0 Moonglow Moongate 
+MOONGATE: 4468 1284 1 Moonglow Moongate 
+MOONGATE: 1174 1286 2 Sacrifice Moongate 
+SHRINE: 1171 1288 2 Shrine of Sacrifice 
-CARPENTER: 2066 1288 3 Warped Woodworks 
+TOWN: 2020 1292 3 Umbra 
-JEWELLER: 726 1296 4 Good Fortunes Jewelry 
+DUNGEON: 652 1301 2 Wisp Dungeon 
+POINT: 881 1303 2 Passage 
-INN: 3732 1306 0 Restful Slumber 
-INN: 3732 1306 1 Restful Slumber 
-POINTOFINTEREST: 1979 1307 3 Training Dummy 
+POINT: 857 1312 2 Passage 
-INN: 2039 1317 3 Wailing Banshee Inn 
-BANK: 3764 1317 0 Bank of Nujel'm 
-BANK: 3764 1317 1 Bank of Nujel'm 
-STABLE: 1995 1318 3 Critter Pens 
+GRAVEYARD: 4541 1319 0 Moonglow Cemetery 
+GRAVEYARD: 4541 1319 1 Moonglow Cemetery 
+SCENIC: 1318 1328 2 Sheep Farm 
-PROVISIONER: 2016 1328 3 Gravedigger's Aparatus 
+POINT: 314 1329 2 Lizardman Passage 
+DUNGEON: 1457 1329 2 Mushroom Caves 
+RUINS: 292 1332 2 Lizardman Village 
-TAILOR: 2074 1334 3 Darkweave 
+POINT: 226 1336 2 Lizardman Passage 
-POINTOFINTEREST: 1962 1339 3 Training Dummy 
+SHRINE: 1526 1340 2 Shrine of Spirituality 
-EXIT: 6026 1344 0 Delucia Passage (City of the Dead) 
-EXIT: 6026 1344 1 Delucia Passage (City of the Dead) 
-BANK: 2048 1345 3 Umbra Bank 
-TAVERN: 2030 1350 3 Skeleton Swill 
+SHRINE: 719 1351 2 Shrine of Honesty 
+CHAMPIDOL: 5814 1351 0 Champ of Fire: Semidar (Abyss) 
-BAKER: 2017 1354 3 Ghast Refectory 
-POINTOFINTEREST: 3727 1361 0 The Chessboard 
-POINTOFINTEREST: 3727 1361 1 The Chessboard 
+DUNGEON: 904 1362 2 Reg Solvid (Cyclops Dungeon) 
+POINT: 221 1363 2 Ancient Wyrm's Lair 
+RUINS: 412 1363 2 abandoned Tower 
+MOONGATE: 722 1366 2 Honesty Moongate 
-BLACKSMITH: 1984 1367 3 Armoury of Souls 
-HEALER: 2084 1372 3 Bloodletter's Guild 
+RUINS: 2176 1372 0 Savage Fort 
+RUINS: 2176 1372 1 Savage Fort 
+LANDMARK: 4511 1376 0 Britannia Royal Zoo 
+LANDMARK: 4511 1376 1 Britannia Royal Zoo 
-POINT: 5876 1378 0 From Tera Keep Teleporter 
-EXIT: 6004 1379 0 Delucia Passage 
-EXIT: 6004 1379 1 Delucia Passage 
-MAGE: 2024 1383 3 Necromancer Ampitheater 
-POINTOFINTEREST: 3715 1383 0 Debtor's Prison 
-POINTOFINTEREST: 3715 1383 1 Debtor's Prison 
+MOONGATE: 1997 1386 3 Umbra Moongate 
-POINTOFINTEREST: 3723 1396 0 Nujel'm Court 
-POINTOFINTEREST: 3723 1396 1 Nujel'm Court 
-JEWELLER: 2051 1398 3 Lich's Hoard 
-EXIT: 5899 1410 0 Delucia Passage (Trinsic Forest) 
-EXIT: 5899 1410 1 Delucia Passage (Trinsic Forest) 
-SORCERERSGUILD: 4684 1412 0 The Sorcerer's Guild 
-SORCERERSGUILD: 4684 1412 1 The Sorcerer's Guild 
-EXIT: 5792 1415 0 Fire (LL) 
-EXIT: 5792 1415 1 Fire (LL) 
-EXIT: 5687 1424 0 Fire (B) 
-EXIT: 5687 1424 1 Fire (B) 
+DUNGEON: 349 1428 2 Ki-rin Reserve 
+LANDMARK: 1530 1428 0 Lord Blackthorn's Castle 
+LANDMARK: 1530 1428 1 Lord Blackthorn's Castle 
-EXIT: 6141 1430 0 to Hoppers Bog 
-EXIT: 6141 1430 1 to Hoppers Bog 
+SHRINE: 369 1432 2 Resurrection Tree 
+TERRAIN: 429 1433 2 Dead Forest 
+DUNGEON: 1014 1434 0 Orc Cave 
+DUNGEON: 1014 1434 1 Orc Cave 
+TELEPORTER: 5682 1437 0 To Ancient Wyrm's Lair (Destard Level 3) 
+TELEPORTER: 5682 1440 0 To Champ "Despise" 
+TERRAIN: 312 1442 2 Elemental Canyon 
-EXIT: 155 1474 2 Ilshen's Tomb (Abandoned Tower) 
+TERRAIN: 1148 1476 3 Broken Mountains 
+GRAVEYARD: 1371 1482 0 Britain Cemetery 
+GRAVEYARD: 1371 1482 1 Britain Cemetery 
+RUINS: 632 1484 0 Orc Fort 
+RUINS: 632 1484 1 Orc Fort 
-EXIT: 1478 1495 2 Mushroom Caves 
-EXIT: 6031 1500 0 to Britain 
-EXIT: 6031 1500 1 to Britain 
-EXIT: 1014 1507 2 Cyclops Dungeon 
-EXIT: 1348 1510 2 Ratman Mine 
-BRASS: 1498 1518 0 Counselor's Guild 
-BRASS: 1498 1518 1 Counselor's Guild 
-INN: 1458 1525 0 The North Side Inn 
-INN: 1458 1525 1 The North Side Inn 
+LANDMARK: 447 1526 2 Fountain 
-BRIDGE: 1550 1529 0 The Northern Bridge 
-BRIDGE: 1550 1529 1 The Northern Bridge 
+LANDMARK: 478 1531 2 Abandoned Mage Tower 
-EXIT: 533 1532 2 Serpentine Passage (Mistas) 
+TELEPORTER: 5356 1540 0 To Deceit (Level 4) 
+TELEPORTER: 5360 1540 0 To Champ "Fire" 
-STABLE: 1510 1543 0 The Bucking Horse Stables 
-STABLE: 1510 1543 1 The Bucking Horse Stables 
-BLACKSMITH: 1418 1547 0 The Hammer and Anvil 
-BLACKSMITH: 1418 1547 1 The Hammer and Anvil 
-MAGE: 1485 1550 0 The Sorcerer's Delight 
-MAGE: 1485 1550 1 The Sorcerer's Delight 
-BARD: 1455 1559 0 Lord British's Conservatory of Music 
-BARD: 1455 1559 1 Lord British's Conservatory of Music 
+LANDMARK: 437 1558 2 Band Stand 
-CAVALRYGUILD: 1578 1558 0 Cavalry Guild 
-CAVALRYGUILD: 1578 1558 1 Cavalry Guild 
+DUNGEON: 512 1559 0 Shame 
+DUNGEON: 512 1559 1 Shame 
-POINTOFINTEREST: 1635 1561 0 Gazebo 
-POINTOFINTEREST: 1635 1561 1 Gazebo 
-POINT: 5201 1564 0 From Despise and Ancient Wyrm Teleporter 
-POINTOFINTEREST: 1507 1567 0 Britannia Animal Care 
-POINTOFINTEREST: 1507 1567 1 Britannia Animal Care 
-STAIRS: 5170 1569 0  
-EXIT: 2263 1573 2 Shrine of Companionship 
-ARMS: 1365 1575 0 The Lord's Arms 
-ARMS: 1365 1575 1 The Lord's Arms 
-MINERSGUILD: 1417 1578 0 The Miner's Guild 
-MINERSGUILD: 1417 1578 1 The Miner's Guild 
-FLETCHER: 1470 1578 0 Quality Fletching 
-FLETCHER: 1470 1578 1 Quality Fletching 
-BRIDGE: 1520 1578 0 Mage's Bridge 
-BRIDGE: 1520 1578 1 Mage's Bridge 
+LANDMARK: 466 1584 2 statue 
-ARMS: 1481 1584 0 Strength and Steel 
-ARMS: 1481 1584 1 Strength and Steel 
-TAVERN: 1620 1586 0 The Salty Dog 
-TAVERN: 1620 1586 1 The Salty Dog 
-POINT: 5171 1586 0 From Star Room Teleporter 
+TELEPORTER: 5173 1589 0 Star Room 
-LIBRARY: 1409 1590 0 Britain Public Library 
-LIBRARY: 1409 1590 1 Britain Public Library 
-THEATRE: 1449 1590 0 The King's Men Theater 
-THEATRE: 1449 1590 1 The King's Men Theater 
-INN: 1585 1591 0 The Wayfarer's Inn 
-INN: 1585 1591 1 The Wayfarer's Inn 
-TAILOR: 1385 1593 0 Lord British's Tailor 
-TAILOR: 1385 1593 1 Lord British's Tailor 
-CARPENTER: 1430 1597 0 The Saw Horse 
-CARPENTER: 1430 1597 1 The Saw Horse 
-MERCHANTSGUILD: 1474 1597 0 The Merchant's Guild 
-MERCHANTSGUILD: 1474 1597 1 The Merchant's Guild 
-POINTOFINTEREST: 1538 1597 0 The Chamber of Virtue 
-POINTOFINTEREST: 1538 1597 1 The Chamber of Virtue 
-EXIT: 5340 1599 0 Terathan Keep 
-EXIT: 5340 1599 1 Terathan Keep 
+CHAMPIDOL: 5189 1605 0 Champ of the Terathan Keep: Mephistis (Arachnid) 
-BANK: 1655 1606 0 East Britain Bank 
-BANK: 1655 1606 1 East Britain Bank 
-HEALER: 1472 1607 0 Healer of Britain 
-HEALER: 1472 1607 1 Healer of Britain 
-TANNER: 1431 1612 0 The Best Hides of Britain 
-TANNER: 1431 1612 1 The Best Hides of Britain 
-BAKER: 1450 1617 0 Good Eats 
-BAKER: 1450 1617 1 Good Eats 
-INN: 1493 1619 0 Sweet Dreams 
-INN: 1493 1619 1 Sweet Dreams 
-POINTOFINTEREST: 1608 1622 0 East Side Park 
-POINTOFINTEREST: 1608 1622 1 East Side Park 
+LANDMARK: 1323 1624 0 Lord British's Castle 
+LANDMARK: 1323 1624 1 Lord British's Castle 
-BRIDGE: 1520 1628 0 Virtue's Pass 
-BRIDGE: 1520 1628 1 Virtue's Pass 
-GATE: 1421 1633 0 Poor Gate 
-GATE: 1421 1633 1 Poor Gate 
+TOWN: 1546 1634 0 Britain 
+TOWN: 1546 1634 1 Britain 
-GATE: 1477 1638 0 The Main Gate 
-GATE: 1477 1638 1 The Main Gate 
+DUNGEON: 1492 1641 0 Sewer Entrance 
+DUNGEON: 1492 1641 1 Sewer Entrance 
-JEWELLER: 1655 1642 0 A Girl's Best Friend 
-JEWELLER: 1655 1642 1 A Girl's Best Friend 
-ARMS: 1437 1647 0 Heavy Metal Armorer 
-ARMS: 1437 1647 1 Heavy Metal Armorer 
-TINKERSGUILD: 1422 1654 0 Tinker's Guild 
-TINKERSGUILD: 1422 1654 1 Tinker's Guild 
-MAGE: 1590 1654 0 Incantations & Enchantments 
-MAGE: 1590 1654 1 Incantations & Enchantments 
+BODYOFWATER: 1596 1656 3 Gravewater Lake 
-STABLE: 1385 1658 0 The Stables 
-STABLE: 1385 1658 1 The Stables 
-REAGENTS: 1498 1659 0 Ethereal Goods 
-REAGENTS: 1498 1659 1 Ethereal Goods 
-TAILOR: 1547 1659 0 The Right Fit 
-TAILOR: 1547 1659 1 The Right Fit 
-ROGUESGUILD: 1442 1662 0 Artists' Guild 
-ROGUESGUILD: 1442 1662 1 Artists' Guild 
-BRASS: 1628 1664 0 Counselor's Guild 
-BRASS: 1628 1664 1 Counselor's Guild 
-PROVISIONER: 1469 1668 0 Britain's Premier Provisioners and Fish Shoppe 
-PROVISIONER: 1469 1668 1 Britain's Premier Provisioners and Fish Shoppe 
+TERRAIN: 2128 1668 3 Dry Highlands 
-BRIDGE: 1521 1673 0 Cypress Bridge 
-BRIDGE: 1521 1673 1 Cypress Bridge 
-JEWELLER: 1451 1679 0 Premier Gems 
-JEWELLER: 1451 1679 1 Premier Gems 
-POINTOFINTEREST: 1541 1685 0 Senator Robin's House and Office 
-POINTOFINTEREST: 1541 1685 1 Senator Robin's House and Office 
-TAILOR: 1467 1686 0 The Lord's Clothiers 
-TAILOR: 1467 1686 1 The Lord's Clothiers 
-BANK: 1425 1690 0 The First Bank of Britain 
-BANK: 1425 1690 1 The First Bank of Britain 
-TAVERN: 1498 1691 0 The Blue Boar 
-TAVERN: 1498 1691 1 The Blue Boar 
-ARMS: 1637 1693 0 Artistic Armour 
-ARMS: 1637 1693 1 Artistic Armour 
-BRIDGE: 1512 1705 0 River's Gate Bridge 
-BRIDGE: 1512 1705 1 River's Gate Bridge 
-PROVISIONER: 1602 1712 0 Profuse Provisions 
-PROVISIONER: 1602 1712 1 Profuse Provisions 
-LIBRARY: 1494 1715 0 The First Library of Britain 
-LIBRARY: 1494 1715 1 The First Library of Britain 
-TAVERN: 1427 1716 0 The Cat's Lair 
-TAVERN: 1427 1716 1 The Cat's Lair 
-BUTCHER: 1449 1723 0 The Cleaver 
-BUTCHER: 1449 1723 1 The Cleaver 
-WARRIORSGUILD: 1341 1733 0 The Warriors' Guild 
-WARRIORSGUILD: 1341 1733 1 The Warriors' Guild 
-CUSTOMS: 1476 1745 0 Customs 
-CUSTOMS: 1476 1745 1 Customs 
-BRIDGE: 1383 1746 0 Gung Farmer's Bridge 
-BRIDGE: 1383 1746 1 Gung Farmer's Bridge 
-SHIPWRIGHT: 1416 1754 0 The Oaken Oar 
-SHIPWRIGHT: 1416 1754 1 The Oaken Oar 
-STABLE: 1296 1759 0 Sosarian Steeds 
-STABLE: 1296 1759 1 Sosarian Steeds 
-POINTOFINTEREST: 1619 1760 0 The Watch Tower 
-POINTOFINTEREST: 1619 1760 1 The Watch Tower 
+MOONGATE: 5153 1760 0 Standard Moongate 
-DOCKS: 1470 1765 0 Britain Docks 
-DOCKS: 1470 1765 1 Britain Docks 
-TAVERN: 1547 1768 0 The Unicorn's Horn 
-TAVERN: 1547 1768 1 The Unicorn's Horn 
+POINTOFINTEREST: 1884 1773 3 Abandoned Explorer's Camp 
+TELEPORTER: 5140 1773 0 to Champ "Terathan Keep" 
-POINT: 5143 1774 0 From Terathan Keep Teleporter 
-BLACKSMITHSGUILD: 1348 1778 0 Britain's Blacksmith Guild 
-BLACKSMITHSGUILD: 1348 1778 1 Britain's Blacksmith Guild 
+RUINS: 1825 1799 3 Forgotten Pyramid 
-EXIT: 5456 1863 0 Covetous 
-EXIT: 5456 1863 1 Covetous 
+MOONGATE: 1336 1997 0 Britain Moongate 
+MOONGATE: 1336 1997 1 Britain Moongate 
+MOONGATE: 645 2068 0 Skara Brae Moongate 
+MOONGATE: 645 2068 1 Skara Brae Moongate 
+LANDMARK: 1958 2068 0 to Lost Lands 
+LANDMARK: 1958 2068 1 to Lost Lands 
-BLACKSMITH: 2637 2075 0 Cutlass Smithing 
-BLACKSMITH: 2637 2075 1 Cutlass Smithing 
-POINTOFINTEREST: 2667 2087 0 Buccaneer's Bath 
-POINTOFINTEREST: 2667 2087 1 Buccaneer's Bath 
-INN: 2715 2098 0 The Peg Leg Inn 
-INN: 2715 2098 1 The Peg Leg Inn 
-CARPENTER: 2627 2100 0 Violente Woodworks 
-CARPENTER: 2627 2100 1 Violente Woodworks 
+TOWN: 2720 2110 0 Buccaneer's Den 
+TOWN: 2720 2110 1 Buccaneer's Den 
-STABLE: 571 2119 0 Beasts of Burden 
-STABLE: 571 2119 1 Beasts of Burden 
-BRASS: 610 2128 0 Counselor's Guild 
-BRASS: 610 2128 1 Counselor's Guild 
-HEALER: 2709 2130 0 Healer of Buccaneer's Den 
-HEALER: 2709 2130 1 Healer of Buccaneer's Den 
+TELEPORTER: 2728 2133 0 Gate to Mainland 
+TELEPORTER: 2728 2133 1 Gate to Mainland 
+MOONGATE: 3564 2140 0 Magincia Moongate (Damaged/Broken) 
+MOONGATE: 3564 2140 1 Magincia Moongate (Damaged/Broken) 
-MAGE: 659 2141 0 Mystic Treasures 
-MAGE: 659 2141 1 Mystic Treasures 
-ARCHERSGUILD: 554 2145 0 Rangers' Guild 
-ARCHERSGUILD: 554 2145 1 Rangers' Guild 
-BANK: 587 2146 0 Bank of Skara Brae 
-BANK: 587 2146 1 Bank of Skara Brae 
-DOCKS: 2752 2155 0 Buccaneer's Den Docks 
-DOCKS: 2752 2155 1 Buccaneer's Den Docks 
-BRASS: 611 2157 0 Farmer's Market 
-BRASS: 611 2157 1 Farmer's Market 
-CARPENTER: 628 2160 0 Builder's Delight 
-CARPENTER: 628 2160 1 Builder's Delight 
-ARMS: 652 2160 0 Gore Galore 
-ARMS: 652 2160 1 Gore Galore 
-ARMS: 586 2170 0 More Than Just Mail 
-ARMS: 586 2170 1 More Than Just Mail 
-INN: 554 2178 0 The Shattered Skull 
-INN: 554 2178 1 The Shattered Skull 
-TANNER: 2707 2178 0 Buccaneer's Den Leatherworks 
-TANNER: 2707 2178 1 Buccaneer's Den Leatherworks 
-MAGE: 602 2180 0 Mages' Menagerie 
-MAGE: 602 2180 1 Mages' Menagerie 
-TAILOR: 650 2180 0 Shear Pleasure 
-TAILOR: 650 2180 1 Shear Pleasure 
-BUTCHER: 582 2186 0 Bountiful Meats 
-BUTCHER: 582 2186 1 Bountiful Meats 
-BANK: 2731 2192 0 A Place Fer Yer Stuff 
-BANK: 2731 2192 1 A Place Fer Yer Stuff 
-BLACKSMITH: 630 2194 0 On Guard Armoury 
-BLACKSMITH: 630 2194 1 On Guard Armoury 
-THIEVESGUILD: 2659 2194 0 Pirate's Den 
-THIEVESGUILD: 2659 2194 1 Pirate's Den 
+TOWN: 3735 2200 0 Magincia 
+TOWN: 3735 2200 1 Magincia 
-BOWYER: 590 2205 0 Bloody Bowman 
-BOWYER: 590 2205 1 Bloody Bowman 
-POINTOFINTEREST: 565 2213 0 Skara Brae Town Hall 
-POINTOFINTEREST: 565 2213 1 Skara Brae Town Hall 
+SCENIC: 1146 2215 0 Hedge Maze 
+SCENIC: 1146 2215 1 Hedge Maze 
-HEALER: 620 2218 0 Healer of Skara Brae 
-HEALER: 620 2218 1 Healer of Skara Brae 
-PROVISIONER: 578 2227 0 Sundry Supplies 
-PROVISIONER: 578 2227 1 Sundry Supplies 
+MOONGATE: 2711 2234 0 Buccaneer's Den Moongate 
-DOCKS: 656 2235 0 Skara Brae Docks 
-DOCKS: 656 2235 1 Skara Brae Docks 
-TAVERN: 2680 2238 0 The Pirate's Plunder 
-TAVERN: 2680 2238 1 The Pirate's Plunder 
-INN: 595 2248 0 The Falconer's Inn 
-INN: 595 2248 1 The Falconer's Inn 
-PROVISIONER: 2735 2254 0 Pirate's Provisioners 
-PROVISIONER: 2735 2254 1 Pirate's Provisioners 
-POINTOFINTEREST: 3796 2259 0 Magincia Parliment 
-POINTOFINTEREST: 3796 2259 1 Magincia Parliment 
+TOWN: 595 2263 0 Skara Brae 
+TOWN: 595 2263 1 Skara Brae 
-SHIPWRIGHT: 592 2277 0 Superior Ships 
-SHIPWRIGHT: 592 2277 1 Superior Ships 
-DOCKS: 3674 2293 0 Magincia Docks 
-DOCKS: 3674 2293 1 Magincia Docks 
+TELEPORTER: 5443 2325 0 T1 to The South-East of Papua 
+DUNGEON: 5203 2328 0 Ice 
+DUNGEON: 5203 2328 1 Ice 
+TELEPORTER: 6080 2340 0 T4 to The South of this Point 
+TERRAIN: 5382 2343 0 Kos Heb 
+TERRAIN: 5382 2343 1 Kos Heb 
-PIN: 5958 2345 0 From Teleporter T2 "Ice East" 
-POINT: 5490 2348 0 From Teleporter T5 South of Papua 
+CHAMPIDOL: 5511 2360 0 Champ 1 "Ice West" 
+TERRAIN: 5954 2363 0 Kos Heb 
+TERRAIN: 5954 2363 1 Kos Heb 
+TELEPORTER: 5996 2367 0 T3 to The East of Delucia 
+LANDMARK: 5671 2391 0 lighthouse Passage 
+LANDMARK: 5671 2391 1 lighthouse Passage 
+CHAMPIDOL: 6038 2400 0 Champ 2 "Ice East" 
-PIN: 6089 2400 0 From Teleporter T4 North-East of "Ice East" 
+TELEPORTER: 6053 2407 0 T2 to The North-West of Champ 2 "Ice East" 
-POINT: 5972 2418 0 From Teleporter T6 East of Delucia 
+BODYOFWATER: 5789 2430 0 Sok' Gah 
+BODYOFWATER: 5789 2430 1 Sok' Gah 
-LIBRARY: 3612 2466 0 Ocllo Public Library 
-THEATRE: 3685 2477 0 First Academy of Music 
+SHRINE: 1595 2490 0 Shrine of Spirituality 
+SHRINE: 1595 2490 1 Shrine of Spirituality 
+COUNSELORSGUILD: 3599 2491 0 Companion's Hall 
-PAINTER: 3638 2499 0 Paint and More 
+COUNSELORSGUILD: 3667 2502 0 Counselor's Guild Hall 
-BANK: 3695 2511 0 Bank of Ocllo 
-BARDICGUILD: 3665 2531 0 The Bardic Guild 
-MAGE: 3628 2541 0 The Sorceror's Guild 
+TOWN: 3664 2558 0 Ocllo 
-PIN: 3742 2564 1 Farm Hut 
-PIN: 3710 2587 1 Farm Hut 
-PIN: 3734 2635 1 Farm Hut 
-PROVISIONER: 3636 2565 0 Last Chance Provisioners 
-POINTOFINTEREST: 3745 2577 1 Archery Targets 
-BAKER: 3610 2577 0 Now You're Cookin' 
-POINTOFINTEREST: 3731 2581 1 Training Dummies 
+RUINS: 3600 2588 1 Ruins of Uzeraan's Mansion 
+RUINS: 3651 2595 1 Old Haven Ruins  
-TAILOR: 3667 2586 0 A Stitch In Time 
-ARMS: 3632 2595 0 Hammer and Steel Smithy 
-HEALER: 3629 2608 0 Healer of Ocllo 
-INN: 3673 2614 0 The Bountiful Harvest 
-TANNER: 3602 2615 0 Better Leather Tannery 
+TERRAIN: 5543 2618 0 oasis 
+TERRAIN: 5543 2618 1 oasis 
+RUINS: 5767 2618 0 Ophidian Temple 
+RUINS: 5767 2618 1 Ophidian Temple 
+DUNGEON: 1176 2635 0 Destard 
+DUNGEON: 1176 2635 1 Destard 
-SHIPWRIGHT: 3632 2640 0 Anchors Aweigh 
+CHAMPIDOL: 5549 2640 0 Champ 3 "Oasis" 
-BUTCHER: 3708 2649 0 Sweet Meat 
-ARMS: 1895 2653 0 Shining Path Armory 
-ARMS: 1895 2653 1 Shining Path Armory 
+GRAVEYARD: 3404 2653 1 Graveyard 
-INN: 3672 2654 0 The Albatross 
+BODYOFWATER: 5937 2660 0 Sea of Harmony 
+BODYOFWATER: 5937 2660 1 Sea of Harmony 
-REAGENTS: 3461 2568 1 The Bottled Imp 
-REAGENTS: 3470 2519 1 Ink and Quill 
-BAKER: 3461 2577 1 New Haven Bakery 
-BANK: 3486 2571 1 New Haven Bank 
-CARPENTER: 3443 2638 1 The West Mill 
-PROVISIONER: 3508 2553 1 Bag of Many Things 
-LIBRARY: 3481 2534 1 New Haven Scribe 
-STABLE: 3533 2576 1 Bit and Bridle 
-TAILOR: 3496 2552 1 Finely Woven 
-TAVERN: 3435 2570 1 The Lion's Den 
-HEALER: 3461 2559 1 Healers of New Haven 
-INN: 3506 2523 1 Gentle Rest 
-TANNER: 3446 2606 1 Thick Hide 
-LIBRARY: 3476 2527 1 New Haven Public Library 
-MAGE: 3477 2498 1 New Haven Magery School 
-MAGE: 3496 2533 1 New Haven Mage Shop 
-THEATRE: 3415 2602 1 The Proscenium 
+LANDMARK: 3650 2541 1 Old Haven 
-TOWN: 3483 2555 1 New Haven 
-GATE: 3473 2614 1 New Haven South Gate 
-GATE: 3539 2568 1 New Haven East Gate 
-BLACKSMITH: 3469 2537 1 Forge and Anvil 
-DOCKS: 3655 2665 1 Old Haven Docks 
-DOCKS: 3511 2601 1 New Haven Docks 
-SHIPWRIGHT: 3494 2591 1 New Haven Bay Port Authority 
-WARRIORSGUILD: 3528 2537 1 The Warrior's Guild Hall 
-MINERSGUILD: 3504 2750 1 New Haven Miner's Camp 
+DUNGEON: 3509 2777 1 New Haven Mines 
+LANDMARK: 3420 2518 1 Ninjitsu Dojo 
+LANDMARK: 3504 2423 1 Bushido Temple 
+LANDMARK: 3555 2457 1 Necromancer Shrine 
+SHRINE: 3524 2517 1 Ankh (Tithing)
+SHRINE: 3464 2600 1 Ankh (Tithing)
-PIN: 1947 2677 0 Mess Hall 
-PIN: 1947 2677 1 Mess Hall 
+MOONGATE: 3450 2677 1 New Haven Moongate 
-POINT: 3628 2540 1 [Abandoned] Old Haven Bakery 
-POINT: 3670 2534 1 [Abandoned] Old Haven Bardic Guild 
-POINT: 3667 2505 1 [Abandoned] Old Haven Tinker 
-POINT: 3642 2503 1 [Abandoned] Old Haven Carpenter 
-POINT: 3614 2475 1 [Abandoned] Old Haven Library 
-POINT: 3693 2510 1 [Abandoned] Old Haven Thieve's Guild 
-POINTOFINTEREST: 3664 2496 1 Train Resisting Spells (TP/Shadowjump in corner with Spectral Spellbinder aggro) 
-POINT: 3651 2470 1 [Abandoned] Old Haven Mapmaker 
-POINT: 3684 2476 1 [Abandoned] Old Haven Tailor  
-POINT: 3611 2507 1 [Abandoned] Old Haven Companion Hall 
-POINT: 3741 2685 1 [Abandoned] Old Haven Provisioner 
-POINT: 3712 2651 1 [Abandoned] Old Haven Butcher 
+SHRINE: 3359 2679 1 Ank of Sacrifice 
-TINKERSGUILD: 1848 2680 0 Tinker's Guild 
-TINKERSGUILD: 1848 2680 1 Tinker's Guild 
-DOCKS: 3647 2681 0 Ocllo Docks 
-BANK: 1897 2684 0 Trinsic Royal Bank 
-BANK: 1897 2684 1 Trinsic Royal Bank 
-POINTOFINTEREST: 1938 2688 0 Barracks 
-POINTOFINTEREST: 1938 2688 1 Barracks 
-POINTOFINTEREST: 1962 2691 0 Barracks 
-POINTOFINTEREST: 1962 2691 1 Barracks 
-WARRIORSGUILD: 3740 2692 0 Rangers Cabin 
+POINT: 5974 2694 0 Serpent Pillar (Sueacron) 
+POINT: 5974 2694 1 Serpent Pillar (Sueacron) 
-POINTOFINTEREST: 1972 2698 0 Training Ground 
-POINTOFINTEREST: 1972 2698 1 Training Ground 
-MAGE: 1843 2711 0 Encyclopedia Magicka 
-MAGE: 1843 2711 1 Encyclopedia Magicka 
-POINTOFINTEREST: 1937 2711 0 Barracks 
-POINTOFINTEREST: 1937 2711 1 Barracks 
-POINTOFINTEREST: 1895 2719 0 Trinsic Meeting Hall 
-POINTOFINTEREST: 1895 2719 1 Trinsic Meeting Hall 
-LIBRARY: 2003 2726 0 Paladin's Library 
-LIBRARY: 2003 2726 1 Paladin's Library 
-INN: 1844 2735 0 The Traveler's Inn 
-INN: 1844 2735 1 The Traveler's Inn 
-STABLE: 1822 2739 0 Trinsic Stablery 
-STABLE: 1822 2739 1 Trinsic Stablery 
-WARRIORSGUILD: 1939 2739 0 The Brotherhood of Trinsic 
-WARRIORSGUILD: 1939 2739 1 The Brotherhood of Trinsic 
+TERRAIN: 5604 2742 0 Y'Nah Teb 
+TERRAIN: 5604 2742 1 Y'Nah Teb 
-WARRIORSGUILD: 2019 2748 0 Trinsic Training Hall 
-WARRIORSGUILD: 2019 2748 1 Trinsic Training Hall 
+ISLAND: 2122 2755 0 Barrier Isle 
+ISLAND: 2122 2755 1 Barrier Isle 
+POINT: 5266 2757 0 Serpent Pillar (Sueacron) 
+POINT: 5266 2757 1 Serpent Pillar (Sueacron) 
-POINTOFINTEREST: 1893 2763 0 Park 
-POINTOFINTEREST: 1893 2763 1 Park 
+TOWN: 1879 2766 0 Trinsic 
+TOWN: 1879 2766 1 Trinsic 
-POINTOFINTEREST: 1855 2769 0 Jail 
-POINTOFINTEREST: 1855 2769 1 Jail 
-BLACKSMITH: 1937 2771 0 Honorable Arms 
-BLACKSMITH: 1937 2771 1 Honorable Arms 
-GATE: 1831 2779 0 West Trinsic Gate 
-GATE: 1831 2779 1 West Trinsic Gate 
-PROVISIONER: 1850 2796 0 Britannia Provisions 
-PROVISIONER: 1850 2796 1 Britannia Provisions 
-TAVERN: 1935 2796 0 The Keg and Anchor 
-TAVERN: 1935 2796 1 The Keg and Anchor 
-BRIDGE: 2083 2796 0 East Trinsic Bridge 
-BRIDGE: 2083 2796 1 East Trinsic Bridge 
-INN: 2033 2801 0 The Rusty Anchor 
-INN: 2033 2801 1 The Rusty Anchor 
-BAKER: 1880 2802 0 Baked Delights 
-BAKER: 1880 2802 1 Baked Delights 
-HEALER: 1911 2805 0 Trinsic Healer 
-HEALER: 1911 2805 1 Trinsic Healer 
-STABLE: 2010 2807 0 First Trinsic Stablery 
-STABLE: 2010 2807 1 First Trinsic Stablery 
-JEWELLER: 1895 2809 0 The Pearl of Trinsic 
-JEWELLER: 1895 2809 1 The Pearl of Trinsic 
-BANK: 1813 2825 0 Bank of Britannia: Trinsic Branch 
-BANK: 1813 2825 1 Bank of Britannia: Trinsic Branch 
-PROVISIONER: 1852 2831 0 Red's Curious Goods 
-PROVISIONER: 1852 2831 1 Red's Curious Goods 
-BRASS: 1893 2838 0 Counselor's Guild 
-BRASS: 1893 2838 1 Counselor's Guild 
-TAILOR: 1981 2838 0 Adventurer's Clothing 
-TAILOR: 1981 2838 1 Adventurer's Clothing 
-SHIPWRIGHT: 2026 2845 0 Sons of The Sea 
-SHIPWRIGHT: 2026 2845 1 Sons of The Sea 
+BRIDGE: 1778 2848 0 Bridge 
+BRIDGE: 1778 2848 1 Bridge 
-DOCKS: 2072 2856 0 Trinsic Docks 
-DOCKS: 2072 2856 1 Trinsic Docks 
-TANNER: 1991 2867 0 Trinsic Fine Skins 
-TANNER: 1991 2867 1 Trinsic Fine Skins 
+BODYOFWATER: 5274 2883 0 J'Fer Sok 
+BODYOFWATER: 5274 2883 1 J'Fer Sok 
-BUTCHER: 1991 2887 0 The Trinsic Cut 
-BUTCHER: 1991 2887 1 The Trinsic Cut 
+POINT: 2986 2887 0 Serpent Pillar (Doracron) 
+POINT: 2986 2887 1 Serpent Pillar (Doracron) 
+POINT: 1651 2890 0 Valley Tunnel 
+POINT: 1651 2890 1 Valley Tunnel 
+TERRAIN: 5139 2903 0 Cyclops Valley 
+TERRAIN: 5139 2903 1 Cyclops Valley 
+DUNGEON: 5757 2909 0 Fire 
+DUNGEON: 5757 2909 1 Fire 
+CHAMPIDOL: 5636 2916 0 Champ 4 "Desert" 
-GATE: 2003 2921 0 South Gate 
-GATE: 2003 2921 1 South Gate 
+BRIDGE: 1789 2923 0 Bridge 
+BRIDGE: 1789 2923 1 Bridge 
+TERRAIN: 5724 2923 0 Sak Teb 
+TERRAIN: 5724 2923 1 Sak Teb 
+TERRAIN: 6028 2933 0 Terra Sanctum 
+TERRAIN: 6028 2933 1 Terra Sanctum 
+CHAMPIDOL: 6035 2944 0 Champ 5 "Terra Sanctum" 
+MOONGATE: 1829 2949 0 Trinsic Moongate 
+MOONGATE: 1829 2949 1 Trinsic Moongate 
+TERRAIN: 5542 2999 0 Beggars Gorge 
+TERRAIN: 5542 2999 1 Beggars Gorge 
+SCENIC: 1712 3005 0 Waterfall 
+SCENIC: 1712 3005 1 Waterfall 
+BODYOFWATER: 5902 3106 0 Shallow Sea 
+BODYOFWATER: 5902 3106 1 Shallow Sea 
+DUNGEON: 5426 3120 0 Terathan Keep 
+DUNGEON: 5426 3120 1 Terathan Keep 
-BANK: 5669 3131 0 Ye Olde Loan and Savings 
-BANK: 5669 3131 1 Ye Olde Loan and Savings 
+EXIT: 5126 3144 0 to Marble Building 
+EXIT: 5126 3144 1 to Marble Building 
-JEWELLER: 5662 3150 0 Strange Rocks 
-JEWELLER: 5662 3150 1 Strange Rocks 
-INN: 5775 3161 0 The Just Inn 
-INN: 5775 3161 1 The Just Inn 
+CHAMPIDOL: 5267 3171 0 Champ 6 "Marble" 
-MAGE: 5731 3183 0 Tricks of the Trade 
-MAGE: 5731 3183 1 Tricks of the Trade 
+TELEPORTER: 5733 3190 0 Portal to Moonglow (Say: 'Recsu') 
+TELEPORTER: 5733 3190 1 Portal to Moonglow (Say: 'Recsu') 
-BAKER: 5746 3200 0 Nature's Best Baked Goods 
-BAKER: 5746 3200 1 Nature's Best Baked Goods 
-REAGENTS: 5714 3202 0 The Reagent Shop 
-REAGENTS: 5714 3202 1 The Reagent Shop 
-CARPENTER: 5691 3209 0 The Carpentry House 
-CARPENTER: 5691 3209 1 The Carpentry House 
-HEALER: 5737 3222 0 The Healing Hand 
-HEALER: 5737 3222 1 The Healing Hand 
+TOWN: 5751 3231 0 Papua 
+TOWN: 5751 3231 1 Papua 
-TINKER: 5726 3243 0 Tinker's Paradise 
-TINKER: 5726 3243 1 Tinker's Paradise 
-DOCKS: 5839 3256 0 Papua Dock 
-DOCKS: 5839 3256 1 Papua Dock 
-PROVISIONER: 5737 3262 0 Adventure Outfitters 
-PROVISIONER: 5737 3262 1 Adventure Outfitters 
+TERRAIN: 5265 3270 0 Damwin Thicket 
+TERRAIN: 5265 3270 1 Damwin Thicket 
-SHIPWRIGHT: 5805 3270 0 Pier 39 
-SHIPWRIGHT: 5805 3270 1 Pier 39 
-TAILOR: 5754 3273 0 Papua Tailor 
-TAILOR: 5754 3273 1 Papua Tailor 
+POINT: 425 3279 0 Serpent Pillar (Doracron) 
+POINT: 425 3279 1 Serpent Pillar (Doracron) 
-BUTCHER: 5700 3279 0 The Southside Butchery 
-BUTCHER: 5700 3279 1 The Southside Butchery 
-STABLE: 5671 3287 0 Southside Stables 
-STABLE: 5671 3287 1 Southside Stables 
-ARMS: 5805 3300 0 The Revenge Shoppe 
-ARMS: 5805 3300 1 The Revenge Shoppe 
+POINT: 1628 3318 0 Delucia Passage 
+POINT: 1628 3318 1 Delucia Passage 
+POINT: 6075 3330 0 Passage to Britain 
+POINT: 6075 3330 1 Passage to Britain 
-BRASS: 2948 3349 0 Counselor's Guild 
-BRASS: 2948 3349 1 Counselor's Guild 
-MAGE: 3002 3350 0 Serpent's Spells 
-MAGE: 3002 3350 1 Serpent's Spells 
-WARRIORSGUILD: 3031 3350 0 Serpent Warriors 
-WARRIORSGUILD: 3031 3350 1 Serpent Warriors 
-REAGENTS: 3013 3353 0 Britainian Herbs 
-REAGENTS: 3013 3353 1 Britainian Herbs 
-BAKER: 2975 3358 0 Plenty O' Dough 
-BAKER: 2975 3358 1 Plenty O' Dough 
+CHAMPIDOL: 5281 3368 0 Champ 7 "Damwin Thicket" 
-BOWYER: 3054 3369 0 Silver Serpent Bows 
-BOWYER: 3054 3369 1 Silver Serpent Bows 
-PROVISIONER: 3008 3389 0 Supplies 
-PROVISIONER: 3008 3389 1 Supplies 
+BODYOFWATER: 5360 3396 0 The Ru 
+BODYOFWATER: 5360 3396 1 The Ru 
-WARRIORSGUILD: 3058 3400 0 The Warriors' Guild 
-WARRIORSGUILD: 3058 3400 1 The Warriors' Guild 
+DUNGEON: 2922 3402 0 Fire 
+DUNGEON: 2922 3402 1 Fire 
-INN: 2967 3408 0 The Broken Arrow Inn 
-INN: 2967 3408 1 The Broken Arrow Inn 
-BLACKSMITH: 3007 3408 0 Blacksmith 
-BLACKSMITH: 3007 3408 1 Blacksmith 
-DOCKS: 2940 3410 0 North Docks 
-DOCKS: 2940 3410 1 North Docks 
+TELEPORTER: 5731 3420 0 T5 to "Ice West" 
-TAVERN: 2972 3425 0 The Dog and Lion Pub 
-TAVERN: 2972 3425 1 The Dog and Lion Pub 
-HEALER: 2997 3428 0 Serpent's Hold Healer 
-HEALER: 2997 3428 1 Serpent's Hold Healer 
-ARMS: 3018 3433 0 Serpent's Arms 
-ARMS: 3018 3433 1 Serpent's Arms 
+TERRAIN: 5978 3447 0 Hoppers Bog 
+TERRAIN: 5978 3447 1 Hoppers Bog 
-TAVERN: 3012 3457 0 Fisherman's Brew 
-TAVERN: 3012 3457 1 Fisherman's Brew 
-STABLE: 3036 3464 0 Serpent's Hold Stablery 
-STABLE: 3036 3464 1 Serpent's Hold Stablery 
-DOCKS: 3001 3466 0 South Dock 
-DOCKS: 3001 3466 1 South Dock 
+BODYOFWATER: 5804 3468 0 The Gentle River 
+BODYOFWATER: 5804 3468 1 The Gentle River 
-BANK: 2880 3472 0 Serpent's Hold Bank 
-BANK: 2880 3472 1 Serpent's Hold Bank 
+CHAMPIDOL: 5954 3475 0 Champ 8 "Hoppers Bog" 
-BUTCHER: 2912 3485 0 Serpent Hold Meats 
-BUTCHER: 2912 3485 1 Serpent Hold Meats 
+TOWN: 3025 3498 0 Serpent's Hold 
+TOWN: 3025 3498 1 Serpent's Hold 
-TINKER: 2940 3500 0 Tinker of the Isle 
-TINKER: 2940 3500 1 Tinker of the Isle 
-TAILOR: 2881 3503 0 Silver Serpent Tailors 
-TAILOR: 2881 3503 1 Silver Serpent Tailors 
+TERRAIN: 5470 3515 0 Serpents Cousins 
+TERRAIN: 5470 3515 1 Serpents Cousins 
-STABLE: 2905 3517 0 Serpents Hold Stablery 
-STABLE: 2905 3517 1 Serpents Hold Stablery 
+SHRINE: 1723 3527 0 Honor 
+SHRINE: 1723 3527 1 Honor 
-POINT: 5814 3548 0 From Teleporter T1 "Ice West" 
+TELEPORTER: 2494 3576 0 Island Temple Portal 
+TELEPORTER: 2494 3576 1 Island Temple Portal 
+RUINS: 5211 3611 0 Orc Fort 
+RUINS: 5211 3611 1 Orc Fort 
+CHAMPIDOL: 5207 3637 0 Champ 9 "City of Death" 
+RUINS: 5219 3645 0 City of the Dead 
+RUINS: 5219 3645 1 City of the Dead 
+GRAVEYARD: 5696 3660 0 Cemetery Passage 
+GRAVEYARD: 5696 3660 1 Cemetery Passage 
+POINT: 5138 3665 0 Delucia Passage 
+POINT: 5138 3665 1 Delucia Passage 
+TOWN: 1359 3671 0 Jhelom 
+TOWN: 1359 3671 1 Jhelom 
+POINT: 6084 3674 0 Passage to North Mines 
+POINT: 6084 3674 1 Passage to North Mines 
-DOCKS: 1125 3687 0 Jhelom Docks 
-DOCKS: 1125 3687 1 Jhelom Docks 
-GATE: 1475 3690 0 City Gate 
-GATE: 1475 3690 1 City Gate 
-DOCKS: 1504 3693 0 Jhelom Docks 
-DOCKS: 1504 3693 1 Jhelom Docks 
+SHRINE: 4274 3697 0 Shrine of Humility 
+SHRINE: 4274 3697 1 Shrine of Humility 
-WEAPONSGUILD: 1362 3700 0 Brothers In Arms 
-WEAPONSGUILD: 1362 3700 1 Brothers In Arms 
-BRASS: 1418 3703 0 Counselor's Guild 
-BRASS: 1418 3703 1 Counselor's Guild 
-BLACKSMITH: 1395 3705 0 First Defense 
-BLACKSMITH: 1395 3705 1 First Defense 
-ARMS: 1441 3719 0 Second Skin 
-ARMS: 1441 3719 1 Second Skin 
+GRAVEYARD: 1283 3731 0 Jhelom Cemetery 
+GRAVEYARD: 1283 3731 1 Jhelom Cemetery 
-BAKER: 1364 3732 0 Baker's Dozen 
-BAKER: 1364 3732 1 Baker's Dozen 
+BODYOFWATER: 5260 3737 0 Cibilo Creek 
+BODYOFWATER: 5260 3737 1 Cibilo Creek 
-POINTOFINTEREST: 1397 3744 0 The Dueling Pit 
-POINTOFINTEREST: 1397 3744 1 The Dueling Pit 
-SHIPWRIGHT: 1452 3747 0 Sailor's Keeper 
-SHIPWRIGHT: 1452 3747 1 Sailor's Keeper 
-FISHERMANSGUILD: 1437 3750 0 Ocean's Treasure 
-FISHERMANSGUILD: 1437 3750 1 Ocean's Treasure 
+CHAMPIDOL: 5559 3757 0 Champ 10 "Wild" (Lord Oaks) 
-ARMS: 1359 3763 0 Deadly Intentions 
-ARMS: 1359 3763 1 Deadly Intentions 
+BODYOFWATER: 5838 3766 0 The Gentle River 
+BODYOFWATER: 5838 3766 1 The Gentle River 
-TAVERN: 1452 3770 0 The Horse's Head 
-TAVERN: 1452 3770 1 The Horse's Head 
-LIBRARY: 1387 3771 0 Jhelom Library 
-LIBRARY: 1387 3771 1 Jhelom Library 
+MOONGATE: 1500 3772 0 Jhelom Moongate 
+MOONGATE: 1500 3772 1 Jhelom Moongate 
-BANK: 1317 3773 0 Jhelom Bank and Jeweler 
-BANK: 1317 3773 1 Jhelom Bank and Jeweler 
+DUNGEON: 6009 3775 0 Khaldun 
-HEALER: 1416 3779 0 Jhelom Healer 
-HEALER: 1416 3779 1 Jhelom Healer 
-TAILOR: 1359 3781 0 Adventurer's Needle 
-TAILOR: 1359 3781 1 Adventurer's Needle 
-PROVISIONER: 1444 3794 0 Needful Things 
-PROVISIONER: 1444 3794 1 Needful Things 
-TINKER: 1404 3805 0 Gadgets and Things 
-TINKER: 1404 3805 1 Gadgets and Things 
+DUNGEON: 4722 3814 0 Hythloth 
+DUNGEON: 4722 3814 1 Hythloth 
-INN: 1360 3815 0 The Morning Star Inn 
-INN: 1360 3815 1 The Morning Star Inn 
+DUNGEON: 5882 3819 0 Khaldun 
-CARPENTER: 1435 3820 0 From Tree to Yew 
-CARPENTER: 1435 3820 1 From Tree to Yew 
-BRASS: 1392 3824 0 Farmer's Market 
-BRASS: 1392 3824 1 Farmer's Market 
+TELEPORTER: 1414 3829 0 Teleporters 
+TELEPORTER: 1414 3829 1 Teleporters 
+BODYOFWATER: 5457 3831 0 The Ru 
+BODYOFWATER: 5457 3831 1 The Ru 
-ARMS: 1456 3850 0 Jhelom Armory 
-ARMS: 1456 3850 1 Jhelom Armory 
-BLACKSMITH: 1419 3859 0 Warrior's Bounty 
-BLACKSMITH: 1419 3859 1 Warrior's Bounty 
-ARMS: 1475 3865 0 Call to Arms 
-ARMS: 1475 3865 1 Call to Arms 
-GATE: 1370 3868 0 City Gate 
-GATE: 1370 3868 1 City Gate 
+CHAMPIDOL: 5982 3882 0 Champ 11 "Khaldun" 
-ARMOURERSGUILD: 1437 3884 0 Hand of Death 
-ARMOURERSGUILD: 1437 3884 1 Hand of Death 
-DOCKS: 1372 3908 0 Jhelom Docks 
-DOCKS: 1372 3908 1 Jhelom Docks 
+SHRINE: 2491 3933 0 Shrine of Valor 
+SHRINE: 2491 3933 1 Shrine of Valor 
-POINTOFINTEREST: 5265 3939 0 Watch Tower and Keep 
-POINTOFINTEREST: 5265 3939 1 Watch Tower and Keep 
-GATE: 5313 3970 0 Watch Gates 
-GATE: 5313 3970 1 Watch Gates 
+TELEPORTER: 5503 3971 0 T6 to "Ice East" 
-MAGE: 1424 3975 0 Jhelom Mage 
-MAGE: 1424 3975 1 Jhelom Mage 
-BANK: 5275 3977 0 Ye Olde Eleventh Bank 
-BANK: 5275 3977 1 Ye Olde Eleventh Bank 
+TOWN: 5227 3978 0 Delucia 
+TOWN: 5227 3978 1 Delucia 
-MAGE: 5296 3978 0 Hut of Magics 
-MAGE: 5296 3978 1 Hut of Magics 
-JEWELLER: 1447 3981 0 The Pearl of Jhelom 
-JEWELLER: 1447 3981 1 The Pearl of Jhelom 
-DOCKS: 1512 3989 0 Jhelom Docks 
-DOCKS: 1512 3989 1 Jhelom Docks 
-HEALER: 5191 3989 0 a Healer 
-HEALER: 5191 3989 1 a Healer 
+CHAMPIDOL: 5724 3991 0 Champ 12 "Tortoise" 
-BLACKSMITH: 5225 4000 0 Zoot's Hammer 
-BLACKSMITH: 5225 4000 1 Zoot's Hammer 
-TAILOR: 1455 4006 0 Jhelom's Fine Tailoring 
-TAILOR: 1455 4006 1 Jhelom's Fine Tailoring 
-STABLE: 5297 4007 0 Delucia Stable 
-STABLE: 5297 4007 1 Delucia Stable 
-PROVISIONER: 5219 4012 0 The Supply Depot 
-PROVISIONER: 5219 4012 1 The Supply Depot 
-THEATRE: 1424 4016 0 Performing Arts Centre 
-THEATRE: 1424 4016 1 Performing Arts Centre 
-TAILOR: 5234 4025 0 Delucia Tailor 
-TAILOR: 5234 4025 1 Delucia Tailor 
-BUTCHER: 1457 4028 0 Finest Cuts 
-BUTCHER: 1457 4028 1 Finest Cuts 
+BODYOFWATER: 5771 4050 0 Tortoise Lagoon 
+BODYOFWATER: 5771 4050 1 Tortoise Lagoon 
-INN: 5197 4060 0 The Barely Inn 
-INN: 5197 4060 1 The Barely Inn 
+POINT: 5150 4063 0 Delucia Passage 
+POINT: 5150 4063 1 Delucia Passage 
+TELEPORTER: 5905 4069 0 Portal to Island Temple 
+TELEPORTER: 5905 4069 1 Portal to Island Temple 
-MOONGATE: 36 27 5 Entrance to The Great Stygian Abyss 
-MOONGATE: 946 69 5 Tomb of Kings Exit 
+GATE: 36 205 5 Serpent's Breath Gate 
+LANDMARK: 26 211 5 Say: 'Ord' 
+LANDMARK: 43 211 5 Say: 'An Ord' 
+SHRINE: 344 614 5 Silver Sapling 
-STAIRS: 558 882 5 Stairs 
-STAIRS: 523 924 5 Exit to Upper Level 
-STAIRS: 1133 1078 5 Spiral into The Abyss 
-TELEPORTER: 1163 1121 5 Teleporter 
-POINT: 1136 1166 5 Hidden Door 
-SCENIC: 768 3318 5 Falls Park 
-STAIRS: 701 3334 5 Stairs 
-SCENIC: 704 3364 5 Waterfall 
-TAILOR: 806 3399 5 Tailor 
-STABLE: 852 3408 5 Ter Mur Stables 
-STAIRS: 821 3410 5 Stairs 
-BLACKSMITH: 817 3420 5 Blacksmith 
-JEWELLER: 781 3431 5 Jeweler 
-POINTOFINTEREST: 796 3431 5 Public Soulforge 
-TINKER: 820 3440 5 Tinker 
-BANK: 842 3440 5 Royal Bank 
-BRASS: 795 3449 5 Farmer's Market 
-BUTCHER: 819 3460 5 Butcher 
-LIBRARY: 775 3468 5 Scribe 
-INN: 740 3473 5 Ter Mur Inn 
-REAGENTS: 775 3476 5 Alchemist 
-MAGE: 775 3485 5 Mage 
-HEALER: 784 3493 5 Healer 
-PROVISIONER: 798 3493 5 Provisioner 
-BAKER: 808 3493 5 Baker 
-BARD: 722 3526 5 Bard 
+DUNGEON: 997 3837 5 Tomb of Kings Entrance 
-BAKER: 977 3883 5 Cook 
-ARMS: 1017 3883 5 Weaponsmith 
-TINKER: 977 3910 5 Goodscrafter 
-HEALER: 1017 3910 5 Healer 
-POINTOFINTEREST: 375 1389 5 Tyrannosaurus Rex 
+SCENIC: 611 1408 5 Breakout Falls 
+POINT: 565 1425 5 Dragon Turtle Hatchling Net 
+TOWN: 556 1472 5 Sakkhra Tribe 
+TOWN: 410 1593 5 Urali Tribe 
+DUNGEON: 728 1593 5 Cave of the Great Ape 
+SCENIC: 484 1607 5 Ruins 
+SCENIC: 447 1617 5 Urali Swamp 
-POINTOFINTEREST: 388 1713 5 Dragon Turtle Hatchlings 
+SCENIC: 965 1715 5 Volcano 
+TOWN: 662 1729 5 Barako Tribe 
+SCENIC: 496 1753 5 Drum Hill 
+SCENIC: 103 1778 5 Myrmidex 
+TOWN: 157 1779 5 Barrab Tribe 
+SCENIC: 163 1798 5 Great Mesa 
+TOWN: 357 1852 5 Kurak Tribe 
+SCENIC: 487 1856 5 Pyramid 
+SCENIC: 591 1856 5 Temple 
+MOONGATE: 720 1863 5 Moongate 
+SCENIC: 644 1902 5 Ruins 
-POINTOFINTEREST: 364 1918 5 Tiger Cub Pens 
+DUNGEON: 915 2015 5 Staircase to Shadowguard 
+TOWN: 694 2099 5 Jukari Tribe 
+DUNGEON: 881 2101 5 Volcano Entrance 
+SCENIC: 786 2125 5 Sulphur Pits 
+POINTOFINTEREST: 396 7 3 Gary's Room 
+POINT: 103 21 3 Fire Beetles 
-POINTOFINTEREST: 36 38 5 Guardian Statues 
+MOONGATE: 495 48 3 Exit Gate 
-POINTOFINTEREST: 5822 52 0 Mage Tower 
-POINTOFINTEREST: 5822 52 1 Mage Tower 
-POINTOFINTEREST: 323 63 3 Lever Puzzle 
-EXIT: 1788 66 2 Meer Catacombs 
+POINT: 2472 66 0 Mining Cave 
+POINT: 2472 66 1 Mining Cave 
-EXIT: 6752 73 0 Lycaeum Basement 
-EXIT: 6752 73 1 Lycaeum Basement 
-POINTOFINTEREST: 6765 90 0 Book of Truth 
-POINTOFINTEREST: 6765 90 1 Book of Truth 
+POINT: 946 92 5 Flight Path 
+POINT: 2441 94 0 Mining Cave 
+POINT: 2441 94 1 Mining Cave 
-POINT: 6476 94 0 To Snake Pit 
-POINT: 6476 94 1 To Snake Pit 
-POINT: 946 96 5 Flight Path 
-STAIRSDOWN: 6469 97 0 Down 
-STAIRSDOWN: 6469 97 1 Down 
-SCENIC: 35 99 5 Main Chamber 
-POINT: 52 99 5 Hidden Door 
-POINT: 946 99 5 Flight Path 
+POINT: 946 102 5 Flight Path 
-STAIRSDOWN: 6554 105 0 Down 
-STAIRSDOWN: 6554 105 1 Down 
-STAIRSDOWN: 6582 109 0 Down 
-STAIRSDOWN: 6582 109 1 Down 
+TERRAIN: 926 114 4 Winter Spur 
-POINTOFINTEREST: 1855 115 2 Exodus Generator 
-POINT: 6555 116 0 Landing Point 
-POINT: 6555 116 1 Landing Point 
+SCENIC: 2156 121 3 Fountain 
-EXIT: 4 124 3 Yomotsu Mines 
-POINT: 381 131 3 Doom 
-Graveyard: 6190 140 0 Graveyard 
-Graveyard: 6190 140 1 Graveyard 
+POINT: 1614 143 3 Pouch (Secret Location 1) 
-POINTOFINTEREST: 5757 144 1 White Wyrm Nest 
-SCENIC: 399 156 5 Grand Hall 
-POINTOFINTEREST: 336 157 5 Stygian Dragon Lair 
-SCENIC: 143 158 5 Hidden Chamber 
+MOONGATE: 363 158 5 Stygian Dragon Entrance 
+POINT: 925 159 4 Tunnel 
+POINT: 6578 160 0 To Gypsy Camp 
+POINT: 6578 160 1 To Gypsy Camp 
+POINT: 1554 172 3 Secret Location 2 
+POINT: 2427 177 0 Mining Cave 
+POINT: 2427 177 1 Mining Cave 
+POINT: 929 182 4 Tunnel 
-POINTOFINTEREST: 5443 187 0 Mage Tower 
-POINTOFINTEREST: 5443 187 1 Mage Tower 
-EXIT: 6471 188 0 Prism of Light 
-EXIT: 6471 188 1 Prism of Light 
+POINT: 424 189 3 Bones (Secret Location 8) 
+POINT: 914 192 3 Pouch (Secret Location 3) 
-EXIT: 6650 192 0 Empath Abbey Catacombs 
-EXIT: 6650 192 1 Empath Abbey Catacombs 
+POINT: 3921 202 0 Ice Cave 
+POINT: 3921 202 1 Ice Cave 
-EXIT: 34 237 5 Tomb of Kings 
+POINT: 417 246 3 Bell of the Dead 
+RUINS: 813 251 4 Linda 
-TELEPORTER: 408 254 3 Teleporter to The Gauntlet 
+POINT: 1991 263 0 Mining Cave 
+POINT: 1991 263 1 Mining Cave 
+TERRAIN: 1185 286 4 Ozmand's Pillar 
+POINT: 4044 314 0 Mining Cave 
+POINT: 4044 314 1 Mining Cave 
-TELEPORTER: 428 321 3 Teleporter to Shore 
+POINT: 1941 323 0 Mining Cave 
+POINT: 1941 323 1 Mining Cave 
+POINT: 2176 324 3 Pouch (Secret Location 2) 
-MOONGATE: 433 325 3 Exit Gate 
-EXIT: 6303 328 0 Palace of Paroxymous 
-EXIT: 6303 328 1 Palace of Paroxymous 
-POINT: 6224 335 0 Landing Point 
-POINT: 6224 335 1 Landing Point 
-EXIT: 64 337 3 Fan Dancer Dojo 
-TELEPORTER: 80 338 5 Telepoter B 
+DOCKS: 372 338 4 Docks 
-EXIT: 6984 338 0 Heartwood 
-EXIT: 6984 338 1 Heartwood 
-TELEPORTER: 52 343 5 Teleporter B 
+SHRINE: 80 346 5 Ankh 
-STAIRSDOWN: 65 352 3 Down 
-POINT: 6237 352 0 Acid 
-POINT: 6237 352 1 Acid 
-TELEPORTER: 79 353 5 Teleporter D 
+TOWN: 7035 353 0 Heartwood 
+TOWN: 7035 353 1 Heartwood 
-SCENIC: 6396 359 0 Acid Waterfall 
-SCENIC: 6396 359 1 Acid Waterfall 
-MOONGATE: 87 362 5 Exit 
-POINTOFINTEREST: 71 363 5 Stygian Dragon's Lair 
-POINT: 6413 365 0 Acid 
-POINT: 6413 365 1 Acid 
-TELEPORTER: 40 366 5 Teleporter D 
-TELEPORTER: 45 366 5 Teleporter C 
-PROVISIONER: 494 367 3 Nix the Variety Dealer 
+POINT: 6518 370 0 Paroxymous' Island 
+POINT: 6518 370 1 Paroxymous' Island 
-POINT: 433 371 3 Hidden Passage 
-POINT: 6304 371 1 Acid 
+POINT: 1919 374 0 Mining Cave 
+POINT: 1919 374 1 Mining Cave 
+Healer: 374 377 3 Healer (Costs Gold) 
-TELEPORTER: 79 378 5 Teleporter A 
-TELEPORTER: 52 389 5 Teleporter A 
-TELEPORTER: 81 399 5 Teleporter C 
+TERRAIN: 651 402 4 Sho Toh 
+SHRINE: 1107 404 2 Gargoyle Shrine of the Principles 
-POINT: 393 405 3 Only Ghosts May Pass 
+RUINS: 464 406 4 Wolf 
-TELEPORTER: 390 407 3 Exit to The Gauntlet 
-POINTOFINTEREST: 6417 408 0 Stepping Stones 
-POINTOFINTEREST: 6417 408 1 Stepping Stones 
+CHAMPIDOL: 976 423 5 Abyssal Infernal Champion Spawn 
-TELEPORTER: 471 428 3 Teleporter to Chamber 
-POINT: 359 429 3 Only Opens From Inside 
-POINTOFINTEREST: 422 430 3 The Gauntlet 
+POINT: 331 432 3 Room 5: Abyssmal Horrors 
+POINT: 1185 432 3 Secret Location 9 
-TELEPORTER: 361 433 3 Teleporter to Chamber 
-POINT: 473 433 3 Only Opens From Inside 
+POINT: 492 433 3 Room 1: Darknight Creepers 
+POINT: 636 433 4 Tunnel 
+POINT: 425 434 3 Room 6: Dark Fathers 
+CHAMPIDOL: 948 437 4 Champ "Serado the Awakened" 
+POINT: 4065 439 0 Mining Cave 
+POINT: 4065 439 1 Mining Cave 
+POINT: 582 444 4 Tunnel 
-POINT: 6379 448 0 Acid 
-POINT: 6379 448 1 Acid 
-POINTOFINTEREST: 1076 451 3 Vault of Secrets 
-MAGE: 908 452 3 Holy Mage Tower 
-POINTOFINTEREST: 6389 454 0 Stepping Stones 
-POINTOFINTEREST: 6389 454 1 Stepping Stones 
+POINT: 2604 455 0 Mining Cave 
+POINT: 2604 455 1 Mining Cave 
+TERRAIN: 951 459 4 Valley of the Sleeping Dragon 
-POINTOFINTEREST: 6288 461 0 Daemon Chamber 
-POINTOFINTEREST: 6288 461 1 Daemon Chamber 
-SCENIC: 730 463 5 Gargish Ruins 
-POINTOFINTEREST: 750 474 5 Chamber of Virtue 
-TELEPORTER: 357 476 3 Teleporter to Chamber 
-POINT: 361 477 3 Only Opens From Inside 
-TRAP: 6321 477 0 Damaging Gasses 
-TRAP: 6321 477 1 Damaging Gasses 
+POINT: 6516 477 0 Paroxymous' Island 
+POINT: 6516 477 1 Paroxymous' Island 
-POINTOFINTEREST: 6407 478 0 Stepping Stones 
-POINTOFINTEREST: 6407 478 1 Stepping Stones 
-GATE: 6518 492 0 Iron Gate 
-GATE: 6518 492 1 Iron Gate 
-TELEPORTER: 462 494 3 Teleporter to Chamber 
-POINT: 469 495 3 Only Opens From Inside 
+POINT: 635 497 4 Tunnel 
-STABLE: 1027 497 3 Proud Bridle 
-POINT: 6331 497 0 Acid (Shortcut Around Daemons) 
-POINT: 6331 497 1 Acid (Shortcut Around Daemons) 
+POINT: 2558 499 0 Mining Cave 
+POINT: 2558 499 1 Mining Cave 
-TELEPORTER: 403 502 3 Teleporter to Chamber 
-POINT: 409 503 3 Only Opens From Inside 
+POINT: 338 506 3 Room 4: Shadow Knights 
+POINT: 6511 506 0 Cauldron 
+POINT: 6511 506 1 Cauldron 
+SHRINE: 1047 512 4 Shrine of Isamu 
-POINT: 6308 512 0 Damaging Gasses 
-POINT: 6308 512 1 Damaging Gasses 
+POINT: 475 515 3 Room 2: Flesh Renderers 
-POINTOFINTEREST: 6502 519 0 Stepping Stones 
-POINTOFINTEREST: 6502 519 1 Stepping Stones 
+TERRAIN: 545 520 4 Kitsune Woods 
-SCENIC: 950 520 5 Cavern of the Discarded 
+POINT: 1326 523 3 Pouch (Secret Location 6) 
-STAIRSUP: 60 524 3 Up 
+POINT: 406 526 3 Room 3: Impalers 
-TELEPORTER: 5868 527 0 To Secret Chamber 
-TELEPORTER: 5868 527 1 To Secret Chamber 
+TERRAIN: 1195 529 4 Tsuki Garden 
+NAMED: 76 545 3 Succubus 
+POINT: 835 546 5 Flight Path 
+POINT: 951 546 3 Pouch (Secret Location 7) 
-POINT: 835 551 5 Flight Path 
-POINT: 835 556 5 Flight Path 
-STAIRSDOWN: 103 557 3 Down 
+SCENIC: 1322 559 0 Valentines' Park 
+SCENIC: 1322 559 1 Valentines' Park 
-POINT: 835 561 5 Flight Path 
-POINT: 835 566 5 Flight Path 
+DUNGEON: 1788 569 2 Terrort Zhelvesku (Rock Dungeon) 
-POINT: 6396 571 0 Acid 
-POINT: 6396 571 1 Acid 
-POINT: 835 572 5 Flight Path 
+POINT: 513 576 5 Primeval Lich Champion Spawn 
-POINTOFINTEREST: 6408 576 0 Stepping Stones 
-POINTOFINTEREST: 6408 576 1 Stepping Stones 
-POINT: 835 578 5 Flight Path 
+DUNGEON: 1040 580 2 Meer Catacombs 
-POINT: 835 584 5 Flight Path 
-POINTOFINTEREST: 934 590 3 Tunnel through wall 
-POINT: 835 591 5 Flight Path 
+POINTOFINTEREST: 408 594 4 Zen Maze 
+POINTOFINTEREST: 919 595 5 Sutek's Lab 
-POINT: 835 597 5 Flight Path 
+RUINS: 141 598 4 John 
-POINT: 835 603 5 Flight Path 
-POINT: 835 609 5 Flight Path 
-POINT: 788 612 5 Flight Path 
+POINT: 792 612 5 Flight Path 
-POINT: 783 613 5 Flight Path 
-POINT: 778 614 5 Flight Path 
+POINT: 835 614 5 Flight Path 
-POINT: 773 616 5 Flight Path 
+POINT: 172 618 3 Balron 
-POINT: 769 619 5 Flight Path 
-POINT: 765 621 5 Flight Path 
+POINT: 829 621 5 Flight Path 
+POINT: 6282 621 0 Putrefier 
+POINT: 6282 621 1 Putrefier 
+POINT: 759 623 5 Flight Path 
-POINT: 827 623 5 Flight Path 
-POINT: 823 624 5 Flight Path 
-POINT: 819 625 5 Flight Path 
-TELEPORTER: 5704 625 0 To Centre of Room 
-TELEPORTER: 5704 625 1 To Centre of Room 
+POINT: 815 627 5 Flight Path 
-STAIRSUP: 5573 629 0 Up 
-STAIRSUP: 5573 629 1 Up 
+TERRAIN: 167 630 4 Field of Echoes 
-STAIRSDOWN: 5572 633 0 Down 
-STAIRSDOWN: 5572 633 1 Down 
+RUINS: 892 646 4 Owen 
+LANDMARK: 1084 651 2 Blackthorn's Castle 
+POINT: 686 658 5 Flight Path 
+POINT: 172 661 3 oni 
-TELEPORTER: 5699 662 0 To Main Dungeon 
-TELEPORTER: 5699 662 1 To Main Dungeon 
-POINT: 686 663 5 Flight Path 
-POINT: 686 667 5 Flight Path 
-POINT: 686 671 5 Flight Path 
-POINT: 686 676 5 Flight Path 
-POINT: 686 680 5 Flight Path 
+TERRAIN: 1163 683 4 Mount Sho 
-POINT: 686 684 5 Flight Path 
+NAMED: 102 688 3 Succubi 
+POINT: 686 689 5 Flight Path 
-STAIRSUP: 73 691 3 Up 
+SHRINE: 295 711 4 Shrine of Homare 
+TERRAIN: 821 735 4 Lightest Dark 
-STAIRS: 165 743 2 Ratmen's Basement 
+MOONGATE: 821 755 5 Entrance to Medusa's Lair 
+POINT: 677 759 5 Flight Path 
-EXIT: 7152 760 0 Abyssal Infernal Champion Spawn 
-POINT: 677 762 5 Flight Path 
+POINT: 677 764 5 Flight Path 
+LANDMARK: 1237 764 4 Belo Ondariva's Manor 
+DUNGEON: 2609 764 0 Solen Hive 
+DUNGEON: 2609 764 1 Solen Hive 
+DUNGEON: 1342 767 4 The Citadel (Open Crate) 
+POINT: 712 776 5 Coil 
+DUNGEON: 259 780 4 Yomotsu Mines 
-Graveyard: 5510 794 1 Grave of Gerold Tiggins 
+POINT: 2350 811 0 Mining Cave 
+POINT: 2350 811 1 Mining Cave 
+POINT: 864 812 3 Pouch (Secret Location 4) 
+TERRAIN: 377 813 4 Lightning Watch 
-STAIRS: 639 815 2 Stairs to Basement 
+DUNGEON: 1725 815 0 Solen Hive 
+DUNGEON: 1725 815 1 Solen Hive 
+BODYOFWATER: 1040 830 4 Lotus Lakes 
+POINT: 2334 830 0 Mining Cave 
+POINT: 2334 830 1 Mining Cave 
+BODYOFWATER: 1688 840 2 Lenmir Anfinmotas 
-POINT: 1071 847 5 Pillar 
+POINT: 6511 847 0 Tangle 
+POINT: 6511 847 1 Tangle 
-POINT: 6488 849 0 Tree Exit 
-POINT: 6488 849 1 Tree Exit 
-POINT: 1039 850 5 Pillar 
+POINT: 1812 850 0 Mining Cave 
+POINT: 1812 850 1 Mining Cave 
+TELEPORTER: 1578 851 2 Sparkles 
+POINT: 6534 851 0 Abscess 
+POINT: 6534 851 1 Abscess 
+POINT: 1180 860 5 Tyball's Shadow 
-POINTOFINTEREST: 1056 863 5 Lair of Navery Night-Eyes 
-EXIT: 6478 863 0 Blighted Grove 
-EXIT: 6478 863 1 Blighted Grove 
+RUINS: 1214 864 4 Rondorin 
-POINTOFINTEREST: 1180 866 5 Shrine of Truth 
-TELEPORTER: 6588 867 0 Tree Exit 
-TELEPORTER: 6588 867 1 Tree Exit 
-TELEPORTER: 6472 868 0 Tree Entrance 
-TELEPORTER: 6472 868 1 Tree Entrance 
+POINT: 6501 875 0 The Frightened Dryad 
+POINT: 6501 875 1 The Frightened Dryad 
+POINT: 6502 875 0 Basket 
+POINT: 6502 875 1 Basket 
+TELEPORTER: 613 876 0 Abbey Catacombs Entrance (Unusable) 
+TELEPORTER: 613 876 1 Abbey Catacombs Entrance (Unusable) 
-POINT: 1039 879 5 Pillar 
+POINT: 6260 880 0 Lurg and Grobu 
+POINT: 6260 880 1 Lurg and Grobu 
-POINT: 6584 880 0 Choking Gas Area 
-POINT: 6584 880 1 Choking Gas Area 
+TERRAIN: 1207 881 4 Hotaka Plains 
-EXIT: 1078 882 5 Exit 
+POINT: 6585 882 0 Saliva 
+POINT: 6585 882 1 Saliva 
+POINT: 2539 884 0 Mining Cave 
+POINT: 2539 884 1 Mining Cave 
-MOONGATE: 1180 885 5 Gate 
+POINT: 2572 887 0 Mining Cave 
+POINT: 2572 887 1 Mining Cave 
-POINT: 6574 889 0 Tree Entrance 
-POINT: 6574 889 1 Tree Entrance 
-EXIT: 6311 892 0 Painted Caves 
-EXIT: 6311 892 1 Painted Caves 
+POINT: 6537 895 0 Thrasher 
+POINT: 6537 895 1 Thrasher 
+POINT: 2455 896 0 Mining Cave 
+POINT: 2455 896 1 Mining Cave 
+TELEPORTER: 860 899 2 Sparkles 
+POINT: 6512 907 0 Coil 
+POINT: 6512 907 1 Coil 
+TERRAIN: 1385 911 4 Mount Hakonu 
+POINT: 2383 914 0 Mining Cave 
+POINT: 2383 914 1 Mining Cave 
-MOONGATE: 773 927 5 Exit 
-POINTOFINTEREST: 807 928 5 Medusa's Lair 
+SHRINE: 846 928 5 Ankh 
+POINTOFINTEREST: 541 942 4 Inu the Crone's House 
+TERRAIN: 663 944 4 The Wastes 
+POINT: 6501 947 0 Melisande's Corrupted Roots 
+POINT: 6501 947 1 Melisande's Corrupted Roots 
-EXIT: 6523 947 0 Exit 
-EXIT: 6523 947 1 Exit 
-TELEPORTER: 1141 952 5 Teleporter 
-POINTOFINTEREST: 1122 957 5 Font of Fortune 
+LANDMARK: 841 964 2 Dam 
+DUNGEON: 1733 967 3 The Labyrinth 
+TELEPORTER: 4322 968 1 Teleporter to Basement 
+MOONGATE: 1775 970 3 Gate to mainland 
-POINT: 1081 974 5 Entrance to Navery's Lair 
+POINT: 1015 976 5 Vernix 
-POINT: 1044 976 5 Flint's Logbook 
+POINT: 1189 989 5 Barreraak 
-POINTOFINTEREST: 1059 991 5 Maze of Death 
+TELEPORTER: 535 992 0 Heartwood Entrance 
+TELEPORTER: 535 992 1 Heartwood Entrance 
+POINTOFINTEREST: 197 994 4 Lizardman Village 
+POINT: 1006 994 3 Secret Location 7 
+TERRAIN: 1740 994 0 Serpent's Pass 
+TERRAIN: 1740 994 1 Serpent's Pass 
+MOONGATE: 1169 998 4 Isamu-Jima Gate 
+POINT: 1014 1000 5 Xenrr 
-SCENIC: 1203 1002 5 Grey Goblin Encampment 
+CHAMPIDOL: 7000 1003 0 Champ "Primeval Lich" 
-SCENIC: 1036 1005 5 Green Goblin Encampment 
-POINT: 1044 1017 5 Barrel of Barley 
+POINT: 1114 1024 5 Flight Path 
+POINT: 1068 1027 5 Puzzle Box 
-POINT: 1114 1028 5 Flight Path 
+POINT: 1824 1029 0 Mining Cave 
+POINT: 1824 1029 1 Mining Cave 
-POINT: 1114 1033 5 Flight Path 
+POINT: 1114 1037 5 Flight Path 
+POINT: 1204 1041 5 Jaacar 
-TELEPORTER: 1043 1048 5 Teleporter 
-POINTOFINTEREST: 1003 1049 5 Hidden Chamber 
-POINT: 1013 1049 5 magic vines 
-SCENIC: 1243 1053 5 The Grand Staircase (Destroyed) 
+TERRAIN: 711 1055 4 Phoenix Mountains 
+POINT: 1070 1055 5 Compass 
-POINT: 1073 1055 5 Rolled Map (Double-click to Use) 
-POINTOFINTEREST: 1059 1061 5 Maze of Death 
+POINT: 1019 1062 3 Secret Location 3 
+POINT: 984 1065 5 Reward Box 
+TERRAIN: 1162 1066 4 Storm Point 
-POINT: 1114 1068 5 Goblin Traps 
-TELEPORTER: 1012 1070 5 Teleporter 
-Graveyard: 1218 1074 5 Crypt 
+RUINS: 222 1079 4 Helen 
+RUINS: 1121 1082 4 Gerry 
-POINT: 1056 1086 5 Goblin Traps 
-POINTOFINTEREST: 985 1096 5 Experimental Chamber 
+DUNGEON: 3784 1098 0 Prism of Light 
+DUNGEON: 3784 1098 1 Prism of Light 
+POINT: 1064 1099 5 Flight Path 
+POINT: 1151 1100 5 Flight Path 
-POINT: 1063 1101 5 Flight Path 
-POINT: 1060 1103 5 Flight Path 
+POINT: 1052 1104 5 Flight Path 
-POINT: 1056 1104 5 Flight Path 
-POINT: 1151 1104 5 Flight Path 
-POINT: 1151 1107 5 Flight Path 
-POINT: 1151 1110 5 Flight Path 
-TELEPORTER: 1008 1111 5 Teleporter 
+POINT: 1151 1113 5 Flight Path 
+POINT: 1312 1114 3 Pouch (Secret Location 9) 
-POINT: 995 1115 5 Experiment Guidebook 
+SHRINE: 1188 1116 5 Ankh 
-POINT: 1007 1119 5 Hidden Door 
-POINT: 982 1123 5 Hitching Post (Stable) 
-MOONGATE: 1187 1126 5 Gate 
+LANDMARK: 2363 1126 3 Necromancer's Arena 
-TELEPORTER: 1008 1128 5 Teleporter 
-SCENIC: 1116 1130 5 Ariel Haven (Human Encampment) 
-TELEPORTER: 1011 1145 5 Teleporter 
+POINT: 1110 1150 5 Puzzle Room Key (Double-click for Copy) 
-TELEPORTER: 1239 1152 5 Teleporter 
-POINT: 1109 1153 5 Book 
+POINT: 1719 1157 3 Crystal (Double-click to Teleport to Central Island) 
+SHRINE: 718 1159 4 Shrine of Makoto 
+POINT: 1061 1161 3 Secret Location 4 
+POINT: 1128 1165 5 Garamon 
-POINT: 1140 1165 5 Hidden Door 
+POINT: 2134 1166 2 Gnaw 
+POINTOFINTEREST: 636 1167 4 Sake Fountain 
-EXIT: 405 1169 3 Ninja New Player Area (Not In Use) 
+POINT: 1097 1170 5 Puzzle Room 
-TELEPORTER: 1187 1173 5 Teleport Maze D 
-TELEPORTER: 1187 1175 5 Teleport Maze D 
-TELEPORTER: 1184 1177 5 Teleport Maze C 
-TELEPORTER: 1186 1177 5 From C / Teleport Maze E 
+POINT: 1197 1177 5 Entire Room is Flight Area 
+POINT: 2149 1178 2 Cave 
-POINT: 1183 1179 5 From G 
-TELEPORTER: 1185 1179 5 Teleport Maze G 
-POINT: 1186 1179 5 From E 
-TELEPORTER: 1183 1180 5 Teleport Maze B 
-POINT: 1188 1180 5 From H 
-POINT: 1204 1181 5 From R 
-TELEPORTER: 1206 1181 5 Teleport Maze R 
-TELEPORTER: 1183 1182 5 Teleport Maze B 
-TELEPORTER: 1188 1182 5 Teleport Maze H 
-TELEPORTER: 1184 1183 5 Teleport Maze F 
-POINT: 1185 1183 5 From F 
-POINT: 1190 1183 5 From I 
-TELEPORTER: 1192 1183 5 Teleport Maze J 
-POINT: 1194 1183 5 From J 
-TELEPORTER: 1202 1183 5 Teleport Maze Q 
-POINT: 1064 1184 5 Magic Vines 
-TELEPORTER: 1190 1185 5 Teleport Maze I 
-POINT: 1202 1185 5 From Q 
-POINT: 1190 1186 5 From K 
-TELEPORTER: 1192 1186 5 Teleport Maze K 
-POINT: 1201 1186 5 From O 
-TELEPORTER: 1183 1187 5 Teleport Maze A 
-TELEPORTER: 1196 1187 5 Teleport Maze L 
-TELEPORTER: 1198 1187 5 Teleport Maze L 
-TELEPORTER: 1200 1187 5 Teleport Maze N 
+TERRAIN: 294 1189 4 Defiance Point 
-TELEPORTER: 1183 1189 5 Teleport Maze A 
-POINT: 1195 1189 5 From M 
-TELEPORTER: 1197 1189 5 Teleport Maze M 
-TELEPORTER: 1201 1189 5 Teleport Maze O 
-POINT: 1200 1190 5 From N 
-POINT: 1201 1190 5 From P 
-TELEPORTER: 1203 1190 5 Teleport Maze P 
+SCENIC: 6560 1195 1 Dark Knight Arena 
+POINTOFINTEREST: 6614 1195 1 Dark Knight Waiting Room 
-POINTOFINTEREST: 1068 1196 5 Hidden Chamber 
+MOONGATE: 802 1204 4 Makoto-Jima Gate 
+MOONGATE: 3524 1205 0 Moongate 
+MOONGATE: 3524 1205 1 Moongate 
+SHRINE: 1122 1206 5 Stone Memorial 
-INN: 683 1210 4 Miyabi Inn 
-EXIT: 1129 1213 5 The Great Stygian Abyss 
-BRASS: 735 1215 4 Suteki Na Craftworks 
-TAVERN: 694 1220 4 Saké Saka Tavern 
-Healer: 782 1220 4 Satori Healing Garden 
+POINT: 2225 1220 2 Swoop 
+POINT: 2148 1223 2 Irk 
+POINT: 2176 1233 2 Spite 
+POINTOFINTEREST: 2023 1237 3 Tomb 
+POINT: 1074 1244 3 Secret Location 5 
-BANK: 731 1251 4 Bank 
+POINT: 1265 1251 0 Mining Cave 
+POINT: 1265 1251 1 Mining Cave 
-EXIT: 2187 1251 2 Twisted Weald 
+TOWN: 748 1252 4 Zento 
+POINT: 2170 1255 2 Statue of the Faie 
-BLACKSMITH: 776 1256 4 Mibu BlackSmith 
+CHAMPIDOL: 2210 1260 2 Champ "Twaulo of the Glade" 
-LIBRARY: 681 1262 4 Rokuon Cultural Centre and Shops 
-BRASS: 704 1262 4 Koku Kitchens 
-STABLE: 788 1278 4 Yume Stables 
-PROVISIONER: 731 1283 4 Zento Provides 
-MAGE: 690 1299 4 Sasara Magical Supplies and Remedies 
-BOWYER: 782 1303 4 Kagome Bowyer 
-BRASS: 753 1304 4 Iroha Armorer and Musha-Shugyo Dojo 
+POINT: 1214 1313 3 Secret Location 1 
+POINT: 1244 1338 3 Tunnel 
+MOONGATE: 1532 1340 2 Spirituality Moongate 
-EXIT: 6993 1370 0 Primeval Lich Champion Spawn 
+DUNGEON: 2069 1372 3 Bedlam (Double-click Iron Maiden) 
+POINT: 1268 1376 3 Tunnel 
+POINT: 1268 1396 3 Tunnel 
+POINT: 1199 1416 3 Tunnel 
+POINT: 1237 1416 3 Tunnel 
+TELEPORTER: 466 1422 2 Ruddy Rock (Say: 'Roclasmpy' to Teleport to Shrine of Companionship) 
-INN: 1055 1433 3 Hanse's Hostel 
+POINT: 1051 1434 3 Pouch (Secret Location 5) 
+DUNGEON: 731 1452 0 Solen Hive 
+DUNGEON: 731 1452 1 Solen Hive 
+POINT: 356 1460 0 Mining Cave 
+POINT: 356 1460 1 Mining Cave 
+POINT: 2120 1460 3 Tunnel 
+POINT: 1116 1461 3 Tunnel 
+DUNGEON: 1450 1470 2 Twisted Weald 
+POINT: 2333 1501 3 Secret Location 8 
+POINT: 2108 1502 3 Tunnel 
-POINTOFINTEREST: 1515 1521 1 Volunteer Memorial (Most Shards) 
-EXIT: 628 1526 2 Wisp Dungeon 
+POINT: 1201 1554 3 Secret Location 6 
+POINT: 996 1600 0 Mining Cave 
+POINT: 996 1600 1 Mining Cave 
-STAIRSUP: 158 1612 3 Up 
+POINT: 105 1619 3 Bedlam Library 
+POINT: 2037 1619 3 Tunnel 
+CHAMPIDOL: 175 1629 3 Champ "Ilhenir the Stained" 
+DUNGEON: 588 1637 0 Blighted Grove 
+DUNGEON: 588 1637 1 Blighted Grove 
+POINT: 112 1643 3 Red Death 
+DUNGEON: 770 1647 0 Sanctuary 
+DUNGEON: 770 1647 1 Sanctuary 
-STAIRSDOWN: 83 1673 3 Down 
+POINT: 801 1682 0 Sanctuary Rear Exit (Out Only) 
+POINT: 801 1682 1 Sanctuary Rear Exit (Out Only) 
-EXIT: 121 1684 3 Bedlam 
+POINT: 772 1694 0 Mining Cave 
+POINT: 772 1694 1 (Cave Sealed on Most Shards) 
+POINT: 178 1739 3 Bedlam Library 
-POINTOFINTEREST: 1398 1739 0 Despise Invasion Memorial 
-POINTOFINTEREST: 1398 1739 1 Despise Invasion Memorial 
+POINT: 2065 1751 3 Tunnel 
-EXIT: 5655 1792 0 Solen Hive (Yew) 
-EXIT: 5655 1792 1 Solen Hive (Yew) 
-POINT: 5757 1795 0 Solen Tunnel H 
-POINT: 5757 1795 1 Solen Tunnel H 
-EXIT: 5919 1796 0 Solen Hive (Minoc) 
-EXIT: 5919 1796 1 Solen Hive (Minoc) 
-POINTOFINTEREST: 5874 1800 0 Solen Nest 
-POINTOFINTEREST: 5874 1800 1 Solen Nest 
-POINTOFINTEREST: 5454 1802 0 Dragon's Lair 
-POINTOFINTEREST: 5457 1813 1 Sudiva's lair 
-POINTOFINTEREST: 5743 1814 0 Solen Nest 
-POINTOFINTEREST: 5743 1814 1 Solen Nest 
-SCENIC: 5780 1831 0 Zoogi Garden 
-SCENIC: 5780 1831 1 Zoogi Garden 
-STAIRSDOWN: 5596 1841 0 Down to Dragon's Lair 
-STAIRSDOWN: 5596 1841 1 Down to Sudiva's lair 
-TERRAIN: 5889 1842 0 Sinkhole 
-TERRAIN: 5889 1842 1 Sinkhole 
-TERRAIN: 5708 1844 0 Sinkhole 
-TERRAIN: 5708 1844 1 Sinkhole 
-POINT: 5853 1849 0 Solen Tunnel B 
-POINT: 5853 1849 1 Solen Tunnel B 
-POINT: 140 1859 3 Hidden Passage E 
-EXIT: 5735 1861 0 Solen Hive (Green Thorn Entrance/Exit) 
-EXIT: 5735 1861 1 Solen Hive (Green Thorn Entrance/Exit) 
-POINT: 5772 1868 0 Solen Tunnel B 
-POINT: 5772 1868 1 Solen Tunnel B 
-POINT: 5872 1868 0 Solen Tunnel A 
-POINT: 5872 1868 1 Solen Tunnel A 
-POINTOFINTEREST: 5666 1869 0 Secret Solen Nest 
-POINTOFINTEREST: 5666 1869 1 Secret Solen Nest 
-TELEPORTER: 123 1870 3 Teleporter to First Chamber 
-POINT: 77 1871 3 Hidden Passage C  (Use Switch On West Wall) 
-POINT: 181 1873 3 Spike Deathtraps 
-POINT: 156 1874 3 Hidden Passage E 
-POINT: 71 1876 3 Switch For Door C 
-STAIRS: 124 1877 3 Stairs E 
-POINT: 5898 1878 0 Solen Tunnel A 
-POINT: 5898 1878 1 Solen Tunnel A 
-TELEPORTER: 85 1880 3 Teleporter to First Chamber 
-POINT: 174 1880 3 Trapdoor 
-EXIT: 106 1881 3 The Citadel 
-STAIRS: 83 1882 3 Stairs G 
+POINT: 90 1884 3 keyed table 
-POINT: 71 1890 3 Hidden Passage A (Use Switch) 
+POINT: 345 1890 3 Rend 
-POINT: 103 1891 3 Hidden Passage B 
-POINT: 181 1892 3 Spike Deathtraps 
-POINT: 5877 1892 0 Solen Tunnel C 
-POINT: 5877 1892 1 Solen Tunnel C 
-STAIRS: 175 1894 3 Stairs C 
-POINT: 5914 1894 0 Solen Tunnel D 
-POINT: 5914 1894 1 Solen Tunnel D 
-POINT: 5728 1895 0 Solen Tunnel H 
-POINT: 5728 1895 1 Solen Tunnel H 
-POINT: 5748 1896 0 Solen Tunnel G 
-POINT: 5748 1896 1 Solen Tunnel G 
+POINT: 5776 1898 0 Solen Matriarch 
+POINT: 5776 1898 1 Solen Matriarch 
-POINT: 5659 1899 0 Solen Tunnel G 
-POINT: 5659 1899 1 Solen Tunnel G 
-STAIRS: 143 1901 3 Stairs A 
-POINT: 123 1903 3 Hidden Passage C 
-POINT: 5810 1906 0 Solen Tunnel C 
-POINT: 5810 1906 1 Solen Tunnel C 
-STAIRS: 115 1907 3 Stairs D 
-POINT: 73 1909 3 Hidden Passage A 
-SCENIC: 5831 1912 0 Giant Beetle Pen 
-SCENIC: 5831 1912 1 Giant Beetle Pen 
-POINT: 175 1914 3 Hidden Passage F 
-TELEPORTER: 137 1916 3 Teleporter to First Chamber 
-STAIRS: 91 1917 3 Stairs A 
-POINT: 100 1918 3 Hidden Passage B 
-STAIRS: 119 1918 3 Stairs D 
-STAIRS: 162 1918 3 Stairs E 
-TELEPORTER: 90 1919 3 Teleporter to First Chamber 
+POINT: 337 1919 3 Miasma 
+POINT: 142 1920 3 Black Order Master Thief 
-STAIRS: 90 1921 3 Stairs B 
-POINTOFINTEREST: 5802 1922 0 Water Vats 
-POINTOFINTEREST: 5802 1922 1 Water Vats 
-TERRAIN: 5887 1922 0 Sinkhole 
-TERRAIN: 5887 1922 1 Sinkhole 
-STAIRS: 162 1923 3 Stairs F 
-STAIRS: 102 1925 3 Stairs C 
+CHAMPIDOL: 415 1925 3 Champ "Meraktus the Tormented" 
-POINTOFINTEREST: 5670 1926 0 Water Purifier 
-POINTOFINTEREST: 5670 1926 1 Water Purifier 
-POINT: 123 1927 3 Hidden Passage D 
-POINT: 135 1928 3 Hidden Passage D 
-POINT: 5701 1930 0 Solen Tunnel E 
-POINT: 5701 1930 1 Solen Tunnel E 
-POINT: 5785 1930 0 Solen Tunnel E 
-POINT: 5785 1930 1 Solen Tunnel E 
-POINTOFINTEREST: 5914 1931 0 Solen Nest 
-POINTOFINTEREST: 5914 1931 1 Solen Nest 
-STAIRS: 181 1933 3 Stairs G 
-POINTOFINTEREST: 5736 1938 0 Solen Nest 
-POINTOFINTEREST: 5736 1938 1 Solen Nest 
+POINT: 138 1948 3 Black Order Grand Mage 
-POINT: 144 1950 3 Hidden Passage F 
-POINT: 182 1950 3 Trapdoor Landing Point 
-POINT: 5712 1953 0 Solen Tunnel F 
-POINT: 5712 1953 1 Solen Tunnel F 
+POINT: 85 1954 3 Travesty's Inner Quarters 
-POINT: 5658 1955 0 Solen Tunnel F 
-POINT: 5658 1955 1 Solen Tunnel F 
-EXIT: 115 1956 3 Exit 
-TELEPORTER: 146 1961 3 Teleporter to Entrance 
-SCENIC: 5768 1961 0 Dread Spider Nest 
-SCENIC: 5768 1961 1 Dread Spider Nest 
-STAIRS: 130 1971 3 Stairs F 
-EXIT: 328 1972 3 The Labyrinth 
-STAIRS: 159 1975 3 Stairs B 
+POINT: 170 1975 3 Black Order High Executioner 
-POINT: 177 1975 3 Spike Deathtraps 
-POINTOFINTEREST: 5477 1986 0 Dread Spider Nest 
-POINTOFINTEREST: 5477 1986 1 Dread Spider Nest 
+POINT: 5790 1988 0 Ambituous Solen Queen 
+POINT: 5790 1988 1 Ambituous Solen Queen 
-SCENIC: 5838 1991 0 Giant Beetle Pen 
-SCENIC: 5838 1991 1 Giant Beetle Pen 
-POINT: 5815 2016 0 Solen Tunnel D 
-POINT: 5815 2016 1 Solen Tunnel D 
-EXIT: 5656 2019 0 Solen Hive (Trinsic) 
-EXIT: 5656 2019 1 Solen Hive (Trinsic) 
-TERRAIN: 5784 2022 0 Sinkhole 
-TERRAIN: 5784 2022 1 Sinkhole 
-EXIT: 5920 2022 0 Solen Hive (Serpent's Pass) 
-EXIT: 5920 2022 1 Solen Hive (Serpent's Pass) 
+SCENIC: 6783 2175 0 Destroyed Moonglow 
+SCENIC: 6783 2175 1 Destroyed Moonglow 
+FERRY: 683 2236 0 Ferry (Say: 'I Wish to Cross') 
+FERRY: 683 2236 1 Ferry (Say: 'I Wish to Cross') 
+FERRY: 710 2236 0 Ferry (Say: 'I Wish to Cross') 
+FERRY: 710 2236 1 Ferry (Say: 'I Wish to Cross') 
+NAMED: 3651 2517 1 Drelgor the Impaler Spawn 
+POINTOFINTEREST: 1134 2596 0 Minax Stronghold 
+POINT: 1260 2652 0 Mining Cave 
+POINT: 1260 2652 1 Mining Cave 
+POINT: 1116 2663 0 Mining Cave 
+POINT: 1116 2663 1 Mining Cave 
+POINT: 1368 2730 1 Ricardo's Hideout 
+POINT: 1368 2730 0 Mining Cave 
+DUNGEON: 1691 2790 0 Solen Hive 
+DUNGEON: 1691 2790 1 Solen Hive 
+POINT: 1500 2830 0 Mining Cave 
+POINT: 1500 2830 1 Mining Cave 
+POINT: 571 2880 5 Flight Path 
-POINT: 568 2886 5 Flight Path 
+POINT: 565 2892 5 Flight Path 
+POINT: 1421 2896 0 Mining Cave 
+POINT: 1421 2896 1 Mining Cave 
+POINT: 1662 2937 1 Valley Tunnel 
+DUNGEON: 1711 2995 0 Painted Caves 
+DUNGEON: 1711 2995 1 Painted Caves 
+DUNGEON: 5578 3018 0 Palace of Paroxymous 
+DUNGEON: 5578 3018 1 Palace of Paroxymous 
+POINT: 5623 3038 0 Palace of Paroxymous Exit 
+POINT: 5623 3038 1 Palace of Paroxymous Exit 
+SCENIC: 631 3040 5 Harbor Village 
+POINTOFINTEREST: 565 3063 5 Ter-Hur via Ante (Skyway Entrance) 
+POINTOFINTEREST: 1053 3063 5 Ter-Hur via Ante (Skyway Entrance) 
+POINT: 1021 3089 5 Flight Path 
-POINT: 1020 3092 5 Flight Path 
+POINT: 1020 3095 5 Flight Path 
+POINT: 963 3131 5 Flight Path 
-POINT: 968 3133 5 Flight Path 
-POINT: 971 3135 5 Flight Path 
+POINT: 974 3138 5 Flight Path 
+POINT: 711 3160 5 Flight Path 
-POINT: 709 3162 5 Flight Path 
+POINT: 707 3165 5 Flight Path 
+SCENIC: 4129 3168 1 Volcano 
+POINT: 4554 3172 0 Mining Cave 
+POINT: 4554 3172 1 Mining Cave 
+POINT: 577 3208 5 Flight Path 
-POINT: 577 3210 5 Flight Path 
-POINT: 575 3213 5 Flight Path 
-POINT: 572 3216 5 Flight Path 
+POINT: 569 3219 5 Flight Path 
+POINT: 560 3230 5 Flight Path 
-POINT: 560 3234 5 Flight Path 
-POINT: 560 3238 5 Flight Path 
-POINT: 560 3242 5 Flight Path 
+POINT: 560 3246 5 Flight Path 
+DUNGEON: 4194 3251 1 The Great Stygian Abyss 
+POINT: 4592 3303 0 Mining Cave 
+POINT: 4592 3303 1 Mining Cave 
+POINT: 645 3330 5 Silem the Fence 
+POINTOFINTEREST: 1053 3336 5 Ter-Hur via Ante (Skyway Entrance) 
-MAGE: 823 3360 5 Mysterious Magics 
+SCENIC: 5790 3376 0 Minax Stronghold Ruins 
+LANDMARK: 750 3378 5 Royal Palace 
-TANNER: 806 3388 5 Tanner 
+SCENIC: 626 3405 5 Refugee Camp 
-BRASS: 660 3418 5 Museum of Wonders 
-CARPENTER: 820 3429 5 Stonecrafter 
-POINTOFINTEREST: 716 3435 5 Open-Air Market 
+POINTOFINTEREST: 565 3450 5 Ter-Hur via Ante (Skyway Entrance) 
+POINTOFINTEREST: 702 3450 5 Ter-Hur via Ante (Skyway Entrance) 
+TOWN: 750 3450 5 Pri-lem Op (Royal City) 
-BRASS: 670 3479 5 The Great Library 
+SCENIC: 885 3484 5 Refugee Camp 
-BRASS: 702 3517 5 The Schoolyard 
+MOONGATE: 852 3527 5 Rel-por Ter Mur (Ter Mur Moongate) 
+SCENIC: 815 3560 5 Refugee Camp 
+SCENIC: 1112 3585 5 Crumbling Village 
+POINT: 4813 3636 0 Mining Cave 
+POINT: 4813 3636 1 Mining Cave 
+POINTOFINTEREST: 1032 3660 5 Ter-Hur via Ante (Skyway Entrance) 
+POINT: 4816 3662 0 Mining Cave 
+POINT: 4816 3662 1 Mining Cave 
+SCENIC: 1109 3733 5 Spider's Nest 
+POINT: 1279 3734 0 Skeleton of Szandor the Late Architect 
+POINT: 1279 3734 1 Skeleton of Szandor the Late Architect 
+POINTOFINTEREST: 702 3741 5 Ter-Hur via Ante (Skyway Entrance) 
+POINTOFINTEREST: 1032 3741 5 Ter-Hur via Ante (Skyway Entrance) 
+POINT: 4766 3770 0 Mining Cave 
+POINT: 4766 3770 1 Mining Cave 
+POINTOFINTEREST: 996 3803 5 Shrine of Singularity 
+POINT: 4605 3823 0 Mining Cave 
+POINT: 4605 3823 1 Mining Cave 
+POINT: 1009 3826 5 Flight Path 
-POINT: 1011 3829 5 Flight Path 
-POINT: 1013 3832 5 Flight Path 
-POINT: 1013 3835 5 Flight Path 
-POINT: 1013 3839 5 Flight Path 
+SCENIC: 1094 3839 5 Vanishing Lake 
-POINT: 1011 3843 5 Flight Path 
+POINT: 1009 3846 5 Flight Path 
-BRASS: 1090 3886 5 Lensmaker 
+SCENIC: 904 3890 5 Lava Pools 
+SCENIC: 1114 3890 5 Lava Pool 
-BRASS: 944 3924 5 Caretaker 
+TOWN: 997 3937 5 Om-de Op (Holy City) 
+POINT: 1098 3953 5 Beh Lem and Valkadesh 
+LANDMARK: 997 3978 5 Hall of Knowledge 
-BRASS: 915 4000 5 Snake Charmer 
+SCENIC: 1032 4013 5 Lava Pool
+DUNGEON: 1701 1638 3 Wreck of the Ararat 
3
+EXIT: 6105 80 0 Secret Exit 
+EXIT: 6105 80 1 Secret Exit 
+POINT: 5955 90 0 Drop 
+EXIT: 6025 197 0 Abyssal 
+POINT: 2504 563 0 Drop 
+EXIT: 5304 677 0 Primevil 
+TELEPORTER: 7049 708 0 Fire 
+POINT: 949 713 0 Faction Recall 
+SHRINE: 6934 725 0 Shrine 
+POINT: 6995 733 0 Abyssal Champ 
+TELEPORTER: 6973 800 0 Hythloth 
+POINT: 6991 801 0 Drop 
+POINT: 658 817 0 Drop 
+BLACKSMITH: 748 822 0 House 
+POINT: 5320 981 0 Drop From Eodon 
+TELEPORTER: 6942 986 0 Lost Lands 
+SHRINE: 6948 987 0 Shrine 
+EXIT: 5135 993 0 Eodon 
+TELEPORTER: 7043 1092 0 Oasis 
+POINT: 7104 1092 0 Drop 
+POINT: 5867 1411 0 Hythloth Drop 
+TERRAIN: 559 1484 5 Sakkhra Tribe 
+TERRAIN: 401 1587 5 Utali Tribe 
+POINT: 451 1696 5 Turtle Champ 
+POINT: 1431 1696 0 Drop 
+TERRAIN: 647 1737 5 Barako Tribe 
+POINT: 5143 1761 0 Drop 
+TERRAIN: 199 1780 5 Barrab Tribe 
+TELEPORTER: 6949 1816 0 To Desert 
+SHRINE: 6990 1829 0 Ankh 
+TERRAIN: 366 1853 5 Kurak Tribe 
+MOONGATE: 719 1863 5 Moongate 
+POINT: 7043 1888 0 Turtle Champ 
+POINT: 7043 1888 1 Turtle Champ 
+RUINS: 643 1896 5 ruins 
+TELEPORTER: 7031 1964 0 To Destard 
+POINT: 7030 2098 0 Drop 
+TERRAIN: 687 2109 5 Jukari Tribe 
+POINT: 598 2154 0 Drop 
+EXIT: 543 2191 5 Exit 
+SHRINE: 504 2192 5 Ankh 
+DUNGEON: 497 2193 5 Shadowguard 
-SHIPWRIGHT: 4550 2329 1 Fish Market 
+POINT: 3691 2522 0 Drop 
+POINT: 5405 2640 0 Drop 
+POINT: 1907 2688 0 Drop 
+POINT: 1907 2688 1 Drop 
+POINT: 5815 2962 0 Drop from Eodon 
+TELEPORTER: 6096 3052 0 To Marble 
+POINT: 5244 3119 0 Drop In 
+POINT: 5523 3376 0 Drop from Primevil 
+TELEPORTER: 1142 3621 0 To Main Isle 
+POINT: 1124 3623 0 From Main Isle 
+POINT: 1325 3779 0 Drop 
+TELEPORTER: 1409 3824 0 To Farms 
+POINT: 1414 3828 0 From South Isle Or Farms 
+TELEPORTER: 1419 3832 0 To South Isle 
+TELEPORTER: 1406 3996 0 To Main Isle 
+POINT: 1466 4015 0 From Main Isle 
+POINT: 4539 890 0 From Town Centre 
+POINT: 4539 890 1 From Town Centre 
+TELEPORTER: 4540 898 0 To Town Centre 
+TELEPORTER: 4540 898 1 To Town Centre 
+TELEPORTER: 4663 1134 0 To Town Centre 
+TELEPORTER: 4663 1134 1 To Town Centre 
+POINT: 4671 1135 0 From Town Centre 
+POINT: 4671 1135 1 From Town Centre 
+TELEPORTER: 4449 1115 0 To Telescope (East) 
+TELEPORTER: 4449 1115 1 To Telescope (East) 
+TELEPORTER: 4449 1107 0 To Mages (North) 
+TELEPORTER: 4449 1107 1 To Mages (North) 
+POINT: 4300 992 0 From Town Centre 
+POINT: 4300 992 1 From Town Centre 
+TELEPORTER: 4300 968 0 To Town Centre 
+TELEPORTER: 4300 968 1 To Town Centre 
+TELEPORTER: 4436 1107 0 To Lyceaeum (West) 
+TELEPORTER: 4436 1107 1 To Lyceaeum (West) 
+POINT: 4539 890 0 From Town Centre 
+POINT: 4539 890 1 From Town Centre 
+TELEPORTER: 4540 898 0 To Town Centre 
+TELEPORTER: 4540 898 1 To Town Centre 
+POINT: 4671 1135 0 From Town Centre 
+POINT: 4671 1135 1 From Town Centre 
+TELEPORTER: 4663 1134 0 To Town Centre 
+TELEPORTER: 4663 1134 1 To Town Centre 

