3
+TERRAIN: 129 11 2 Fallen Rocks (No Passage) 
-MOONGATE: 5515 11 0 Up 
-MOONGATE: 5515 11 1 Up 
-POINTOFINTEREST: 430 17 2 ClassRoom 
-POINTOFINTEREST: 461 17 2 ClassRoom 
-STAIRSUP: 5875 19 0 Up 
-STAIRSUP: 5875 19 1 Up 
-POINTOFINTEREST: 279 20 2 Laboratory 
-MOONGATE: 5491 20 0 Down 
-MOONGATE: 5491 20 1 Down 
-POINTOFINTEREST: 2126 22 2 Throne Room 
-POINTOFINTEREST: 305 24 2 Workshop 
-STAIRSUP: 243 26 2 Up 
-STAIRSDOWN: 370 30 2 Down 
-STAIRSUP: 2188 33 2 Up 
-STAIRSDOWN: 359 41 2 Down 
-POINTOFINTEREST: 336 43 2 Lecture Room 
-POINTOFINTEREST: 109 46 2 Laboratory 
-POINTOFINTEREST: 6054 47 0 Gargoyle Cage 
-POINTOFINTEREST: 6054 47 1 Gargoyle Cage 
-POINTOFINTEREST: 237 48 2 Alchemy Workshop + Rifts 
-POINTOFINTEREST: 2169 48 2 Lich + Lich Lord 
-STAIRSDOWN: 285 66 2 Down 
-POINTOFINTEREST: 397 69 2 Barracks 
-POINTOFINTEREST: 455 71 2 Kitchen 
-STAIRSUP: 285 74 2 Up 
-POINTOFINTEREST: 265 85 2 Library 
-POINTOFINTEREST: 2120 85 2 Ritual Room 
-STAIRSUP: 154 89 2 Up 
-STAIRSUP: 6057 89 0 Up 
-STAIRSUP: 6057 89 1 Up 
-POINTOFINTEREST: 309 90 2 Gathering Hall 
-STAIRSDOWN: 5905 97 0 Down 
-STAIRSDOWN: 5905 97 1 Down 
-MOONGATE: 5604 102 0 Down 
-MOONGATE: 5604 102 1 Down 
-POINTOFINTEREST: 2173 116 2 Conference Room 
-STAIRSDOWN: 266 129 2 Down 
-STAIRSUP: 133 130 2 Up 
-GATE: 2174 140 2 Gates 
-STAIRSUP: 273 141 2 Up 
-GATE: 2147 141 2 Gate 
-POINTOFINTEREST: 2228 141 2 Laboratory 
-STAIRSUP: 6081 145 0 Up 
-STAIRSUP: 6081 145 1 Up 
-STAIRSDOWN: 5707 146 0 Down to Ice Fiend Lair 
-STAIRSDOWN: 5707 146 1 Down to Ice Fiend Lair 
-MOONGATE: 5514 147 0 Up 
-MOONGATE: 5514 147 1 Up 
-POINTOFINTEREST: 2187 148 2 Ritual Room 
-POINTOFINTEREST: 2110 153 2 Small Shrine Room 
-STAIRSDOWN: 5507 162 0 Down 
-STAIRSDOWN: 5507 162 1 Down 
-POINTOFINTEREST: 2184 168 2 Store Room 
-STAIRSDOWN: 5920 169 0 Down 
-STAIRSDOWN: 5920 169 1 Down 
-STAIRSUP: 5973 169 0 Up 
-STAIRSUP: 5973 169 1 Up 
-STAIRSDOWN: 5538 170 0 Down 
-STAIRSDOWN: 5538 170 1 Down 
-STAIRSUP: 5513 175 0 Up 
-STAIRSUP: 5513 175 1 Up 
-POINTOFINTEREST: 2219 176 2 Holding Room 
-POINTOFINTEREST: 6085 178 0 Balron Room 
-POINTOFINTEREST: 6085 178 1 Balron Room 
-STAIRSDOWN: 6039 193 0 Down 
-STAIRSDOWN: 6039 193 1 Down 
-POINTOFINTEREST: 5580 195 0 Mage Tower 
-POINTOFINTEREST: 5580 195 1 Mage Tower 
-EXIT: 6044 226 0 The Death Trap 
-EXIT: 6044 226 1 The Death Trap 
-STAIRSDOWN: 5850 237 0 Down 
-STAIRSDOWN: 5850 237 1 Down 
-STAIRSDOWN: 2188 293 2 Down 
-STAIRSUP: 5701 305 0 Up 
-STAIRSUP: 5701 305 1 Up 
-POINTOFINTEREST: 5673 323 0 Ice Fiend Lair 
-POINTOFINTEREST: 5673 323 1 Ice Fiend Lair 
-STAIRSUP: 5832 325 0 Up 
-STAIRSUP: 5832 325 1 Up 
-POINTOFINTEREST: 5830 357 0 Ratman Fort 
-POINTOFINTEREST: 5830 357 1 Ratman Fort 
-STAIRSUP: 5305 530 0 Up 
-STAIRSUP: 5305 530 1 Up 
-POINTOFINTEREST: 5826 531 0 Torture Chamber 
-POINTOFINTEREST: 5826 531 1 Torture Chamber 
-TELEPORTER: 5691 569 0 Down 
-TELEPORTER: 5691 569 1 Down 
-POINTOFINTEREST: 5424 570 0 Shrine 
-POINTOFINTEREST: 5424 570 1 Shrine 
-STAIRSDOWN: 5503 570 0 Down 
-STAIRSDOWN: 5503 570 1 Down 
-STAIRSDOWN: 5346 578 0 Down 
-STAIRSDOWN: 5346 578 1 Down 
-STAIRSDOWN: 5216 586 0 Down 
-STAIRSDOWN: 5216 586 1 Down 
-TELEPORTER: 5828 593 0 Up 
-TELEPORTER: 5828 593 1 Up 
-POINTOFINTEREST: 5146 616 0 Skeleton Prison 
-POINTOFINTEREST: 5146 616 1 Skeleton Prison 
-POINTOFINTEREST: 5294 624 0 Skeletal Magi 
-POINTOFINTEREST: 5294 624 1 Skeletal Magi 
-POINTOFINTEREST: 5507 626 0 Shrine 
-POINTOFINTEREST: 5507 626 1 Shrine 
-STAIRSUP: 5137 649 0 Up 
-STAIRSUP: 5137 649 1 Up 
-STAIRSUP: 5305 651 0 Up 
-STAIRSUP: 5305 651 1 Up 
-STAIRSUP: 5524 673 0 Up 
-STAIRSUP: 5524 673 1 Up 
-POINTOFINTEREST: 5275 676 0 Lava Room 
-POINTOFINTEREST: 5275 676 1 Lava Room 
-POINTOFINTEREST: 5308 676 0 Pit 
-POINTOFINTEREST: 5308 676 1 Pit 
-POINTOFINTEREST: 5386 681 0 Vault 
-POINTOFINTEREST: 5386 681 1 Vault 
-POINTOFINTEREST: 5267 691 0 Treasure Chamber 
-POINTOFINTEREST: 5267 691 1 Treasure Chamber 
-POINTOFINTEREST: 5219 731 0 Unholy Temple 
-POINTOFINTEREST: 5219 731 1 Unholy Temple 
-POINTOFINTEREST: 5151 742 0 Catacomb 
-POINTOFINTEREST: 5151 742 1 Catacomb 
-POINTOFINTEREST: 5313 746 0 Crypt 
-POINTOFINTEREST: 5313 746 1 Crypt 
-POINTOFINTEREST: 5472 754 0 Shrine 
-POINTOFINTEREST: 5472 754 1 Shrine 
-STAIRSDOWN: 5386 756 0 Down 
-STAIRSDOWN: 5386 756 1 Down 
-STAIRSDOWN: 5219 761 0 Down 
-STAIRSDOWN: 5219 761 1 Down 
-STAIRSDOWN: 5205 776 0 Shrine 
-STAIRSDOWN: 5205 776 1 Shrine 
-STAIRSUP: 5143 799 0 Up 
-STAIRSUP: 5143 799 1 Up 
-STAIRSDOWN: 5151 809 0 Down 
-STAIRSDOWN: 5151 809 1 Down 
-POINTOFINTEREST: 2050 837 2 Prison Cells 
-POINTOFINTEREST: 2178 837 2 Prison Cells 
-EXIT: 2385 837 0 In 
-EXIT: 2385 837 1 In 
-POINTOFINTEREST: 5452 843 0 Statue 
-POINTOFINTEREST: 5452 843 1 Statue 
-POINTOFINTEREST: 5385 851 0 Shrine 
-POINTOFINTEREST: 5385 851 1 Shrine 
-EXIT: 2545 853 0 In 
-EXIT: 2545 853 1 In 
-POINTOFINTEREST: 2178 859 2 A Very Bloody Kitchen 
-EXIT: 2456 859 0 Out 
-EXIT: 2456 859 1 Out 
-STAIRSUP: 5410 859 0 Up 
-STAIRSUP: 5410 859 1 Up 
-POINTOFINTEREST: 2050 860 2 Torture Room 
-POINTOFINTEREST: 5474 867 0 Shrine 
-POINTOFINTEREST: 5474 867 1 Shrine 
-EXIT: 10 872 2 Ki-rin Reserve (Ilshen's Tomb) 
-EXIT: 2421 884 0 Out 
-EXIT: 2421 884 1 Out 
-STAIRSDOWN: 5130 908 0 Down 
-STAIRSDOWN: 5130 908 1 Down 
-POINTOFINTEREST: 2115 916 2 Death Vortex 
-POINTOFINTEREST: 5247 939 0 Here Be Dragons 
-POINTOFINTEREST: 5247 939 1 Here Be Dragons 
-POINTOFINTEREST: 2083 952 2 Blood Waterfall 
-POINTOFINTEREST: 2146 955 2 Blood Waterfall 
-POINTOFINTEREST: 5142 967 0 Ancient Wyrm Lair 
-POINTOFINTEREST: 5142 967 1 Ancient Wyrm Lair 
-EXIT: 1862 982 2 Spider Cave (Spider Shrine) 
-STAIRSUP: 5135 985 0 Up 
-STAIRSUP: 5135 985 1 Up 
-POINTOFINTEREST: 5450 1004 0 Shrine 
-POINTOFINTEREST: 5450 1004 1 Shrine 
-POINTOFINTEREST: 1982 1021 2 Throne Room 
-POINTOFINTEREST: 2114 1028 2 Blood Pentagram 
-STAIRSDOWN: 5364 1289 0 Down 
-STAIRSDOWN: 5364 1289 1 Down 
-EXIT: 5402 1289 0 Khaldun (Back Door) 
-POINTOFINTEREST: 5313 1291 0 Orc Forge 
-POINTOFINTEREST: 5313 1291 1 Orc Forge 
+TELEPORTER: 5395 1297 0 Teleporter 4B 
-EXIT: 5573 1300 0 Khaldun (Main) 
-POINTOFINTEREST: 54 1301 2 Jails 
-POINTOFINTEREST: 5340 1306 0 Lava Forges 
-POINTOFINTEREST: 5340 1306 1 Lava Forges 
+TELEPORTER: 5572 1307 0 Teleporter 2B 
-POINTOFINTEREST: 5324 1308 0 Orc "Shrine" 
-POINTOFINTEREST: 5324 1308 1 Orc "Shrine" 
-POINTOFINTEREST: 5555 1313 0 Wall 
-POINTOFINTEREST: 5289 1315 0 Corpser Pen 
-POINTOFINTEREST: 5289 1315 1 Corpser Pen 
+TELEPORTER: 5555 1317 0 Teleporter 4A 
-STAIRSUP: 5701 1318 0 Up 
-STAIRSUP: 5701 1318 1 Up 
-POINTOFINTEREST: 5332 1323 0 Cider Store 
-POINTOFINTEREST: 5332 1323 1 Cider Store 
-POINTOFINTEREST: 5443 1323 0 Crypt 
+TELEPORTER: 5388 1325 0 Big Teleporter 
-POINTOFINTEREST: 1012 1330 0 Altar 
+GRAVEYARD: 131 1331 2 graveyard 
-POINTOFINTEREST: 5356 1331 0 Bed Chambers 
-POINTOFINTEREST: 5356 1331 1 Bed Chambers 
-POINTOFINTEREST: 5552 1332 0 Council Chamber 
-STAIRSDOWN: 5787 1337 0 Down 
-STAIRSDOWN: 5787 1337 1 Down 
+TELEPORTER: 5565 1338 0 Teleporter 1A 
-POINTOFINTEREST: 5291 1339 0 Blood Well 
-POINTOFINTEREST: 5291 1339 1 Blood Well 
-POINTOFINTEREST: 5513 1339 0 Wall 
-POINTOFINTEREST: 5387 1341 0 Forge 
-POINTOFINTEREST: 5436 1341 0 Laboratory 
+TELEPORTER: 5620 1341 0 Teleporter 1B 
+TELEPORTER: 5527 1342 0 Teleporter 3A 
-POINTOFINTEREST: 5605 1343 0 The Harrower's pool 
-POINTOFINTEREST: 5473 1348 0 Wall 
-POINTOFINTEREST: 5479 1348 0 Pit 
-POINTOFINTEREST: 5331 1349 0 Pen 
-POINTOFINTEREST: 5331 1349 1 Pen 
-POINTOFINTEREST: 5564 1354 0 Altar 
+TELEPORTER: 5542 1356 0 Teleporter 2A 
-POINTOFINTEREST: 5402 1360 0 Hidden Switch 
-POINTOFINTEREST: 5453 1361 0 Statue 
-POINTOFINTEREST: 5364 1363 0 Armoury 
-POINTOFINTEREST: 5364 1363 1 Armoury 
-POINTOFINTEREST: 5457 1364 0 Wall 
-EXIT: 80 1365 2 Ilshen's Tomb (Serpentine Passage) 
-POINTOFINTEREST: 5524 1367 0 Moving Wall 
-POINTOFINTEREST: 51 1370 2 Dining Hall 
-POINTOFINTEREST: 5306 1371 0 Jail Cell 
-POINTOFINTEREST: 5306 1371 1 Jail Cell 
-POINTOFINTEREST: 5452 1374 0 Bottom of Pit 
-POINTOFINTEREST: 80 1376 2 Music Room 
-STAIRSUP: 5331 1379 0 Up 
-STAIRSUP: 5331 1379 1 Up 
-POINTOFINTEREST: 107 1390 2 Anhk Room 
-POINTOFINTEREST: 5523 1394 0 Pile Of Skulls 
-POINTOFINTEREST: 5444 1395 0 Traps 
-POINTOFINTEREST: 5491 1395 0 Sarcophagi 
+TELEPORTER: 5412 1396 0 Teleporter 3B 
-POINTOFINTEREST: 5460 1409 0 Brazier 
-POINTOFINTEREST: 5647 1411 0 Mage Tower 
-POINTOFINTEREST: 5647 1411 1 Mage Tower 
-POINTOFINTEREST: 31 1412 2 Armoury 
-POINTOFINTEREST: 5460 1418 0 Secret Passage 
-POINTOFINTEREST: 5395 1419 0 Altar 
-POINTOFINTEREST: 5459 1426 0 Switch 
-STAIRSDOWN: 956 1427 2 Down 
-POINTOFINTEREST: 123 1435 2 Mausoleum 
-STAIRSUP: 870 1435 2 Up 
-STAIRSDOWN: 842 1436 2 Down 
-BRIDGE: 5483 1440 0 Bridge 
-STAIRSUP: 953 1443 2 Up 
-POINTOFINTEREST: 5452 1443 0 Sarcophagi 
-POINTOFINTEREST: 63 1447 2 Alchemy Room 
-STAIRSDOWN: 894 1451 2 Down 
-STAIRSDOWN: 947 1466 2 Down 
-POINTOFINTEREST: 5396 1467 0 Sarcophagi 
-POINTOFINTEREST: 61 1470 2 Library 
-POINTOFINTEREST: 88 1471 2 Tarot Room 
-POINTOFINTEREST: 890 1471 2 Armoury 
-POINTOFINTEREST: 5453 1484 0 Temple of the Zealots 
-POINTOFINTEREST: 831 1485 2 Barracks 
-POINTOFINTEREST: 5422 1490 0 Pool of Blood 
-STAIRSDOWN: 692 1491 2 Down 
-STAIRSUP: 713 1491 2 Up 
-STAIRSUP: 877 1491 2 Up 
-POINTOFINTEREST: 39 1492 2 Armoury 
-POINTOFINTEREST: 1416 1498 2 Throne Room 
-POINTOFINTEREST: 899 1506 2 Statue Room 
-STAIRSDOWN: 724 1507 2 Down 
-STAIRSUP: 1250 1510 2 Up 
-STAIRSDOWN: 1268 1510 2 Down 
-POINT: 1179 1512 2 Skeletal Dragon Lair 
-EXIT: 11 1521 2 Ilshen's Tomb (Ki-rin Reserve) 
-POINTOFINTEREST: 119 1529 2 Jails, Stable + Torture Rooms 
-POINTOFINTEREST: 870 1529 2 Dining Room 
+TELEPORTER: 787 1537 2  
-POINTOFINTEREST: 1290 1538 2 Diamond Room 
+TELEPORTER: 747 1539 2 To North Room 
+TELEPORTER: 783 1539 2  
+TELEPORTER: 780 1541 2  
+TELEPORTER: 782 1542 2  
+TELEPORTER: 787 1543 2  
+TELEPORTER: 781 1545 2 To West Wing 
+TELEPORTER: 789 1545 2  
+TELEPORTER: 780 1546 2 To North Hall 
+TELEPORTER: 784 1546 2  
+TELEPORTER: 798 1547 2 Teleporter Maze 
+TELEPORTER: 791 1548 2  
-STAIRSUP: 810 1548 2 Up 
+TELEPORTER: 782 1550 2  
+TELEPORTER: 784 1550 2  
-POINTOFINTEREST: 5344 1550 0 Nest 
-POINTOFINTEREST: 5344 1550 1 Nest 
-STAIRSDOWN: 836 1551 2 Down 
-POINTOFINTEREST: 719 1553 2 A Wisp Adorned Ankh 
+TELEPORTER: 789 1553 2  
-POINTOFINTEREST: 873 1553 2 Bust: Miron Vehl 
+TELEPORTER: 778 1554 2  
-POINTOFINTEREST: 878 1554 2 Statue: Martoo Saul 
+TELEPORTER: 747 1555 2 To South Room 
+TELEPORTER: 781 1555 2  
+TELEPORTER: 785 1555 2  
+TELEPORTER: 789 1555 2 To South Hall 
-PIN: 883 1555 2 We Who Remain True Shall Rise Again. 
-POINTOFINTEREST: 876 1556 2 Statue: Zendella Kxriss 
+TELEPORTER: 789 1557 2 To West Wing 
-PIN: 881 1557 2 Only Then Can Balance Be Found 
-POINTOFINTEREST: 874 1558 2 Statue: Junin Pince 
-PIN: 879 1559 2 The True Path to Order is Through Chaos and The Cleansing of All Life 
-PIN: 877 1561 2 Cast Out From Our World By Those Who Would Not Believe 
-PIN: 875 1563 2 In Rememberance of Our Noble Leaders 
-POINTOFINTEREST: 139 1566 2 Well 
-POINTOFINTEREST: 891 1571 2 Rememberance Room 
-EXIT: 264 1583 2 Lizardman Passage (To Ancient Wyrm Lair) 
-STAIRSDOWN: 395 1586 2 Serpentine Passage (Ilshen's Tomb) 
-POINTOFINTEREST: 5170 1586 0 Terathan Temple 
-POINTOFINTEREST: 5170 1586 1 Terathan Temple 
-EXIT: 328 1592 2 Lizardman Passage (To Lizardman Camp) 
-POINTOFINTEREST: 5251 1602 0 Lever 
-POINTOFINTEREST: 5251 1602 1 Lever 
-POINTOFINTEREST: 5143 1703 0 Lever 
-POINTOFINTEREST: 5143 1703 1 Lever 
-POINTOFINTEREST: 5342 1743 0 Ophidian Territory 
-POINTOFINTEREST: 5342 1743 1 Ophidian Territory 
-STAIRSUP: 5552 1805 0 Up 
-STAIRSUP: 5552 1805 1 Up 
-STAIRSUP: 5469 1806 0 Up 
-STAIRSUP: 5469 1806 1 Up 
-POINTOFINTEREST: 5505 1808 0 Undead Prison 
-POINTOFINTEREST: 5505 1808 1 Undead Prison 
-STAIRSDOWN: 5557 1827 0 Down to Undead Prison 
-STAIRSDOWN: 5557 1827 1 Down to Undead Prison 
-POINTOFINTEREST: 5616 1839 0 Treasure Room 
-POINTOFINTEREST: 5616 1839 1 Treasure Room 
-POINTOFINTEREST: 5579 1854 0 Lich Room 
-POINTOFINTEREST: 5579 1854 1 Lich Room 
-POINTOFINTEREST: 5471 1878 0 Harpy Room 
-POINTOFINTEREST: 5471 1878 1 Harpy Room 
-POINTOFINTEREST: 5538 1881 0 Chapel 
-POINTOFINTEREST: 5538 1881 1 Chapel 
-EXIT: 5579 1927 0 Out 
-EXIT: 5579 1927 1 Out 
-POINTOFINTEREST: 5410 1933 0 Corpser Room 
-POINTOFINTEREST: 5410 1933 1 Corpser Room 
-STAIRSDOWN: 5133 1946 0 Down 
-STAIRSDOWN: 5133 1946 1 Down 
-EXIT: 5394 1958 0 In 
-EXIT: 5394 1958 1 In 
-POINTOFINTEREST: 5148 1969 0 Fortress Gate 
-POINTOFINTEREST: 5148 1969 1 Fortress Gate 
-POINTOFINTEREST: 5457 1973 0 Gazer Room 
-POINTOFINTEREST: 5457 1973 1 Gazer Room 
-POINTOFINTEREST: 5319 1977 0 Orc Workshop 
-POINTOFINTEREST: 5319 1977 1 Orc Workshop 
-EXIT: 5615 1997 0 Out 
-EXIT: 5615 1997 1 Out 
-POINTOFINTEREST: 5505 1998 0 Harpy Room 
-POINTOFINTEREST: 5505 1998 1 Harpy Room 
-POINTOFINTEREST: 5410 1999 0 Corpser Room 
-POINTOFINTEREST: 5410 1999 1 Corpser Room 
-POINTOFINTEREST: 5296 2002 0 Water Vat 
-POINTOFINTEREST: 5296 2002 1 Water Vat 
-POINTOFINTEREST: 5309 2008 0 Smithing Platform 
-POINTOFINTEREST: 5309 2008 1 Smithing Platform 
-POINTOFINTEREST: 5348 2008 0 Earth Elemental Chamber 
-POINTOFINTEREST: 5348 2008 1 Earth Elemental Chamber 
-EXIT: 5137 2020 0 Orc Cave (B) 
-EXIT: 5137 2020 1 Orc Cave (B) 
-EXIT: 5389 2025 0 In 
-EXIT: 5389 2025 1 In 
-POINTOFINTEREST: 5443 2029 0 Water Elemental Room 
-POINTOFINTEREST: 5443 2029 1 Water Elemental Room 
-STAIRSUP: 5273 2042 0 Up 
-STAIRSUP: 5273 2042 1 Up 
-TRAP: 6327 46 0 Spike Deathtraps 
-TRAP: 6327 46 1 Spike Deathtraps 
-TRAP: 6368 79 0 Spike Deathtrap 
-TRAP: 6368 79 1 Spike Deathtrap 
-TRAP: 6326 140 0 Spike Deathtraps 
-TRAP: 6326 140 1 Spike Deathtraps 
-TRAP: 6328 144 0 Spike Deathtrap 
-TRAP: 6328 144 1 Spike Deathtrap 
-TRAP: 6167 157 0 Arrow Trap 
-TRAP: 6167 157 1 Arrow Trap 
-STAIRSUP: 6325 143 0 Ladder E? (Currently Not Working) 
-STAIRSUP: 6325 143 1 Ladder E? (Currently Not Working) 
-TRAP: 6351 143 0 Landing Point E 
-TRAP: 6351 143 1 Landing Point E 
-POINT: 6552 142 0 Landing Point 
-POINT: 6552 142 1 Landing Point 
-STAIRSUP: 6375 125 0 Ladder C 
-STAIRSUP: 6375 125 1 Ladder C 
-POINT: 6159 130 0 Hole D 
-POINT: 6159 130 1 Hole D 
-TELEPORTER: 6188 131 0 Debris Path 
-TELEPORTER: 6188 131 1 Debris Path 
-EXIT: 6502 137 0 Exit 
-EXIT: 6502 137 1 Exit 
-POINT: 6211 106 0 Hole B 
-POINT: 6211 106 1 Hole B 
-TELEPORTER: 6176 96 0 Debris Path 
-TELEPORTER: 6176 96 1 Debris Path 
-EXIT: 6256 97 0 Camp Exit 
-EXIT: 6256 97 1 Camp Exit 
-EXIT: 6260 97 0 Camp Exit 
-EXIT: 6260 97 1 Camp Exit 
-EXIT: 6263 97 0 Camp Exit 
-EXIT: 6263 97 1 Camp Exit 
-EXIT: 6269 97 0 Camp Exit 
-EXIT: 6269 97 1 Camp Exit 
-EXIT: 6273 97 0 Camp Exit 
-EXIT: 6273 97 1 Camp Exit 
-POINT: 6262 95 0 Camp Entry 
-POINT: 6262 95 1 Camp Entry 
-TELEPORTER: 6261 87 0 Debris Path 
-TELEPORTER: 6261 87 1 Debris Path 
-POINT: 6251 69 0 Hole E 
-POINT: 6251 69 1 Hole E 
-POINT: 6165 73 0 Hole A 
-POINT: 6165 73 1 Hole A 
-STAIRSUP: 6316 63 0 Ladder D 
-STAIRSUP: 6316 63 1 Ladder D 
-TELEPORTER: 6253 55 0 Debris Path 
-TELEPORTER: 6253 55 1 Debris Path 
-TELEPORTER: 6244 58 0 Debris Path 
-TELEPORTER: 6244 58 1 Debris Path 
-TELEPORTER: 6180 59 0 Debris Path 
-TELEPORTER: 6180 59 1 Debris Path 
-EXIT: 6376 51 0 Sanctuary Rear Exit (Out Only) 
-EXIT: 6376 51 1 Sanctuary Rear Exit (Out Only) 
-POINT: 6276 40 0 Hole C 
-POINT: 6276 40 1 Hole C 
-TELEPORTER: 6243 41 0 Debris Path 
-TELEPORTER: 6243 41 1 Debris Path 
-EXIT: 6173 21 0 Sanctuary 
-EXIT: 6173 21 1 Sanctuary 
-STAIRSUP: 6356 32 0 Ladder B 
-STAIRSUP: 6356 32 1 Ladder B 
+NAMED: 6221 37 0 Szavetra 
+NAMED: 6221 37 1 Szavetra 
-TELEPORTER: 6236 15 0 To Previous Area 
-TELEPORTER: 6236 15 1 To Previous Area 
-STAIRSUP: 6319 20 0 Ladder A 
-STAIRSUP: 6319 20 1 Ladder A 
-POINT: 365 13 3 Treasure Room (Poison Trap) 
-POINT: 354 14 3 Locks Behind You 
+NAMED: 6174 81 0 Moug-Guur 
+NAMED: 6174 81 1 Moug-Guur 
+NAMED: 6379 130 0 Chiikkaha the Toothed 
+NAMED: 6379 130 1 Chiikkaha the Toothed 
-TELEPORTER: 6176 176 0 To Next Area 
-TELEPORTER: 6176 176 1 To Next Area 
+POINT: 469 95 3 Lamp Post Room 
-TRAP: 6169 161 0 Arrow Trap 
-TRAP: 6169 161 1 Arrow Trap 
-TRAP: 6159 166 0 Arrow Trap 
-TRAP: 6159 166 1 Arrow Trap 
+NAMED: 6543 84 0 Crystal Daemons 
+NAMED: 6543 84 1 Crystal Daemons 
+NAMED: 6577 90 0 Crystal Hydras and Sea Serpents 
+NAMED: 6577 90 1 Crystal Hydras and Sea Serpents 
+NAMED: 6565 121 0 Crystal Vortexes and Ice Elementals 
+NAMED: 6565 121 1 Crystal Vortexes and Ice Elementals 
+NAMED: 6539 159 0 Crystal Lattice Seekers and Wisps 
+NAMED: 6539 159 1 Crystal Lattice Seekers and Wisps 
+NAMED: 6510 169 0 Unfrozen Mummies and Protectors 
+NAMED: 6510 169 1 Unfrozen Mummies and Protectors 
+NAMED: 442 204 3 Bone Daemon 
+POINT: 6521 124 0 Shimmering Effusion 
+POINT: 6521 124 1 Shimmering Effusion 
-POINTOFINTEREST: 6589 178 0 Enhanced Arcane Circle 
-POINTOFINTEREST: 6589 178 1 Enhanced Arcane Circle 
-POINTOFINTEREST: 6535 180 0 Giant Crystal 
-POINTOFINTEREST: 6535 180 1 Giant Crystal 
+POINT: 6577 176 0 Back to Dungeon 
+POINT: 6577 176 1 Back to Dungeon 
-MOONGATE: 6537 175 0 To Buried Chamber 
-MOONGATE: 6537 175 1 To Buried Chamber 
-MOONGATE: 6515 184 0 Back To Dungeon 
-MOONGATE: 6515 184 1 Back To Dungeon 
+HEALER: 6583 184 0 Healer 
+HEALER: 6583 184 1 Healer 
-TRAP: 6569 91 0 Damaging Water Spray 
-TRAP: 6569 91 1 Damaging Water Spray 
-POINT: 6503 87 0 Landing Point 
-POINT: 6503 87 1 Landing Point 
-POINTOFINTEREST: 6510 86 0 Energy Squiggle Puzzle 
-POINTOFINTEREST: 6510 86 1 Energy Squiggle Puzzle 
-EXIT: 6471 75 0 Snake Pit Exit 
-EXIT: 6471 75 1 Snake Pit Exit 
-POINT: 6476 75 0 Snake Pit 
-POINT: 6476 75 1 Snake Pit 
-STAIRSDOWN: 6568 77 0 Down 
-STAIRSDOWN: 6568 77 1 Down 
+POINT: 6511 79 0 A Crystal of Prismatic Amber 
+POINT: 6511 79 1 A Crystal of Prismatic Amber 
-POINT: 6523 71 0 Landing Point 
-POINT: 6523 71 1 Landing Point 
-POINT: 6576 72 0 Landing Point 
-POINT: 6576 72 1 Landing Point 
+NAMED: 575 642 5 Lands of The Lich (Mini-Champ) 
+NAMED: 443 713 5 Secret Garden (Mini-Champ) 
+NAMED: 523 758 5 Fire Temple Ruins (Mini-Champ) 
+NAMED: 951 187 5 Crimson Veins (Mini-Champ) 
+NAMED: 875 276 5 Dragon Lair Entrance (Mini-Champ) 
+NAMED: 989 380 5 Abyssal Lair (Mini-Champ) 
+NAMED: 682 584 5 Passage of Tears (Mini-Champ) 
+NAMED: 579 810 5 Enslaved Goblins (Mini-Champ) 
+NAMED: 673 835 5 Skeletal Dragon (Mini-Champ) 
+NAMED: 592 903 5 Lava Caldera (Mini-Champ) 