3
-STEALABLE: 542 1494 5 Stretched Dinosaur Hide (Stealable) 
-STEALABLE: 425 1575 5 Dragon Turtle Hatchling Net (Stealable) 
-STEALABLE: 175 1808 5 Carved Myrmydex Glyph (Stealable) 
-STEALABLE: 396 1843 5 Hand Carved White Tiger Figurine (Stealable) 
-STEALABLE: 630 1689 5 Waku on a Spit (Stealable) 
-STEALABLE: 689 2125 5 Sacred Lava Rock (Stealable) 
-STEALABLE: 317 56 3 Rock [Rarity: 1] (Stealable) 
-STEALABLE: 360 31 3 Skull Candle [Rarity: 1] (Stealable) 
-STEALABLE: 432 16 3 Stretched Hide [Rarity: 1] (Stealable) 
-STEALABLE: 489 9 3 Brazier [Rarity: 2] (Stealable) 
-STEALABLE: 471 96 3 Lamp Post [Rarity: 3] (Stealable) 
-STEALABLE: 421 198 3 Books [Rarity: 3] (Stealable) 
-STEALABLE: 431 189 3 Books [Rarity: 3] (Stealable) 
-STEALABLE: 435 196 3 Books Face Down [Rarity: 3] (Stealable) 
-STEALABLE: 423 28 3 Cocoon [Rarity: 7] (Stealable) 
-STEALABLE: 423 38 3 Egg Case [Rarity: 5] (Stealable) 
-STEALABLE: 347 44 3 Skinned Goat [Rarity: 5] (Stealable) 
-STEALABLE: 354 36 3 Skinned Deer [Rarity: 8] (Stealable) 
-STEALABLE: 497 57 3 Gruesome Standard [Rarity: 5] (Stealable) 
-STEALABLE: 403 31 3 Leather Tunic [Rarity: 9] (Stealable) 
-STEALABLE: 475 23 3 Studded Tunic [Rarity: 7] (Stealable) 
-STEALABLE: 447 9 3 Studded Leggings [Rarity: 5] (Stealable) 
-STEALABLE: 274 231 3 Hanging Platemail Tunic [Rarity: 8] (Stealable) 
-STEALABLE: 445 119 3 Hanging Platemail Leggings [Rarity: 8] (Stealable) 
-STEALABLE: 421 197 3 Hanging Platemail Arms [Rarity: 8] (Stealable) 
-STEALABLE: 433 11 3 Saddle [Rarity: 9] (Stealable) 
-STEALABLE: 378 371 3 Bookshelf [Rarity: 9] (Stealable) 
-STEALABLE: 396 8 3 Zyronic Claw [Rarity: 10] (Stealable) 
-STEALABLE: 262 91 3 Titan's Hammer [Rarity: 10] (Stealable) 
-STEALABLE: 467 92 3 The Inquisitor's Resolution [Rarity: 10] (Stealable) 
-STEALABLE: 263 28 3 Incense Burner [Rarity: 12] (Stealable) 
-STEALABLE: 369 372 3 Bottle [Rarity: 1] (Stealable) 
-STEALABLE: 378 372 3 Damaged Books [Rarity: 1] (Stealable) 
-STEALABLE: 487 360 3 Ruined Painting [Rarity: 12] (Stealable) 
-STEALABLE: 369 389 3 Blade of The Righteous [Rarity: 10] (Stealable) 
-STEALABLE: 487 364 3 Arcane Table [Rarity: 9] (Stealable) 
-STEALABLE: 381 375 3 Bloody Water [Rarity: 5] (Stealable) 
-STEALABLE: 489 369 3 TarotCards [Rarity: 5] (Stealable) 
-STEALABLE: 497 369 3 Backpack [Rarity: 5] (Stealable) 
-STEALABLE: 18 110 3 Basket [Rarity: 1] (Stealable) 
-STEALABLE: 66 114 3 Basket [Rarity: 1] (Stealable) 
-STEALABLE: 63 12 3 Basket [Rarity: 2] (Stealable) 
-STEALABLE: 5 29 3 Basket [Rarity: 2] (Stealable) 
-STEALABLE: 30 81 3 Basket [Rarity: 2] (Stealable) 
-STEALABLE: 115 7 3 Urn [Rarity: 3] (Stealable) 
-STEALABLE: 85 13 3 Urn [Rarity: 3] (Stealable) 
-STEALABLE: 110 53 3 Sculpture [Rarity: 3] (Stealable) 
-STEALABLE: 108 37 3 Sculpture [Rarity: 3] (Stealable) 
-STEALABLE: 94 7 3 Man Statuette [Rarity: 9] (Stealable) 
-STEALABLE: 121 14 3 Teapot [Rarity: 3] (Stealable) 
-STEALABLE: 121 115 3 Teapot [Rarity: 3] (Stealable) 
-STEALABLE: 84 40 3 Tower Lantern [Rarity: 3] (Stealable) 
-STEALABLE: 113 640 3 Basket [Rarity: 1] (Stealable) 
-STEALABLE: 102 355 3 Basket [Rarity: 1] (Stealable) 
-STEALABLE: 99 370 3 Basket [Rarity: 2] (Stealable) 
-STEALABLE: 73 473 3 Fan [Rarity: 3] (Stealable) 
-STEALABLE: 99 372 3 Fan [Rarity: 3] (Stealable) 
-STEALABLE: 107 483 3 Triple Fan [Rarity: 3] (Stealable) 
-STEALABLE: 50 475 3 Triple Fan [Rarity: 5] (Stealable) 
-STEALABLE: 92 326 3 Bowls Vertical [Rarity: 3] (Stealable) 
-STEALABLE: 107 688 3 Bowls Horizontal [Rarity: 5] (Stealable) 
-STEALABLE: 100 357 3 ZenRock [Rarity: 3] (Stealable) 
-STEALABLE: 97 470 3 ZenRock [Rarity: 3] (Stealable) 
-STEALABLE: 103 691 3 ZenRock [Rarity: 3] (Stealable) 
-STEALABLE: 103 336 3 Painting [Rarity: 9] (Stealable) 
-STEALABLE: 59 381 3 Painting [Rarity: 9] (Stealable) 
-STEALABLE: 84 401 3 Painting [Rarity: 9] (Stealable) 
-STEALABLE: 59 392 3 Painting [Rarity: 9] (Stealable) 
-STEALABLE: 119 672 3 Painting [Rarity: 9] (Stealable) 
-STEALABLE: 90 326 3 Painting [Rarity: 9] (Stealable) 
-STEALABLE: 99 354 3 Painting [Rarity: 9] (Stealable) 
-STEALABLE: 124 624 3 Painting [Rarity: 9] (Stealable) 
-STEALABLE: 146 649 3 Painting [Rarity: 9] (Stealable) 
-STEALABLE: 187 643 3 Painting [Rarity: 9] (Stealable) 
-STEALABLE: 146 623 3 Painting [Rarity: 9] (Stealable) 
-STEALABLE: 107 460 3 Bowl [Rarity: 5] (Stealable) 
-STEALABLE: 90 502 3 Cups [Rarity: 3] (Stealable) 
-STEALABLE: 112 676 3 Sake [Rarity: 5] (Stealable) 
-STEALABLE: 135 614 3 Sword Display [Rarity: 5] (Stealable) 
-STEALABLE: 50 482 3 Sword Display [Rarity: 5] (Stealable) 
-STEALABLE: 179 652 3 Sword Display [Rarity: 6] (Stealable) 
-STEALABLE: 118 627 3 Sword Display [Rarity: 6] (Stealable) 
-STEALABLE: 61 499 3 Sword Display [Rarity: 8] (Stealable) 
-STEALABLE: 182 669 3 Sword Display [Rarity: 8] (Stealable) 
-STEALABLE: 162 647 3 Sword Display [Rarity: 8] (Stealable) 
-STEALABLE: 100 488 3 Sword Display [Rarity: 9] (Stealable) 
-STEALABLE: 175 606 3 Sword Display [Rarity: 9] (Stealable) 
-STEALABLE: 157 608 3 Sword Display [Rarity: 9] (Stealable) 
-STEALABLE: 90 483 3 Flowers [Rarity: 7] (Stealable) 
-STEALABLE: 102 677 3 Dolphin Statue [Rarity: 8] (Stealable) 
-STEALABLE: 71 562 3 Dolphin Statue [Rarity: 8] (Stealable) 
-STEALABLE: 178 629 3 Man Statuette [Rarity: 9] (Stealable) 
-STEALABLE: 140 694 3 Basket [Rarity: 2] (Stealable) 
-STEALABLE: 916 374 5 Book of Truth [Rarity: 6] (Stealable) 
-STEALABLE: 368 605 5 Gargish Bentas Vase [Rarity: 7] (Stealable) 
-STEALABLE: 717 416 5 Dying Plant [Rarity: 5] (Stealable) 
-STEALABLE: 785 442 5 Large Dying Plant [Rarity: 6] (Stealable) 
-STEALABLE: 849 281 5 Gargish Luck Totem [Rarity: 6] (Stealable) 
-STEALABLE: 715 782 5 Gargish Protective Totem [Rarity: 6] (Stealable) 
-STEALABLE: 555 670 5 Gargish Knowledge Totem [Rarity: 6] (Stealable) 
-STEALABLE: 951 542 5 Large Pewter Bowl [Rarity: 5] (Stealable) 
-STEALABLE: 345 621 5 LightIn The Void [Rarity: 5] (Stealable) 
-STEALABLE: 585 853 5 Staff of Resonance [Rarity: 5] (Stealable) 
-STEALABLE: 843 665 5 Valkyries Glaive [Rarity: 5] (Stealable) 
-STEALABLE: 877 527 5 Crown of Arcane Temperament [Rarity: 5] (Stealable) 
-STEALABLE: 670 441 5 Gargish Portrait [Rarity: 7] (Stealable) 
-STEALABLE: 948 393 5 Gargish Memorial Statue [Rarity: 7] (Stealable) 
-STEALABLE: 669 819 5 Gargish Traditional Vase [Rarity: 6] (Stealable) 
-STEALABLE: 926 598 5 Pushme Pullyu [Rarity: 8] (Stealable) 
-STEALABLE: 1046 1106 5 Mysterious Supper [Rarity: 3] (Stealable) 
-STEALABLE: 1137 1134 5 Remnants of Meat Loaf [Rarity: 5] (Stealable) 
-STEALABLE: 1134 1204 5 Half Eaten Supper [Rarity: 5] (Stealable) 
-STEALABLE: 1239 1019 5 Jugs of Goblin Rotgut [Rarity: 3] (Stealable) 
-STEALABLE: 1015 1013 5 Stolen Bottles of Liquor (3) [Rarity: 7] (Stealable) 
-STEALABLE: 1015 1029 5 Stolen Bottles of Liquor (2) [Rarity: 5] (Stealable) 
-STEALABLE: 1015 1026 5 Stolen Bottles of Liquor (2) [Rarity: 5] (Stealable) 
-STEALABLE: 1031 998 5 Stolen Bottles of Liquor (4) [Rarity: 8] (Stealable) 
-STEALABLE: 1210 1035 5 Bottles of Spoiled Wine (2) [Rarity: 5] (Stealable) 
-STEALABLE: 1188 1015 5 Bottles of Spoiled Wine (3) [Rarity: 6] (Stealable) 
-STEALABLE: 1226 963 5 Bottles of Spoiled Wine (4) [Rarity: 7] (Stealable) 
-STEALABLE: 1077 975 5 Navery's Web (1) [Rarity: 5] (Stealable) 
-STEALABLE: 1087 983 5 Navery's Web (2) [Rarity: 5] (Stealable) 
-STEALABLE: 1064 868 5 Navery's Web (4) [Rarity: 5] (Stealable) 
-STEALABLE: 1080 847 5 Navery's Web (3) [Rarity: 5] (Stealable) 
-STEALABLE: 1146 1011 5 Navery's Web (2) [Rarity: 5] (Stealable) 
-STEALABLE: 1119 974 5 Navery's Web (1) [Rarity: 5] (Stealable) 
-STEALABLE: 1049 1109 5 Bloody Spoon [Rarity: 5] (Stealable) 
-STEALABLE: 1015 1018 5 Battered Pan [Rarity: 6] (Stealable) 
-STEALABLE: 1007 975 5 Rusted Pan [Rarity: 6] (Stealable) 
-STEALABLE: 1089 1126 5 Dried Up Ink Well [Rarity: 7] (Stealable) 
-STEALABLE: 1227 964 5 Fake Copper Ingots [Rarity: 7] (Stealable) 
-STEALABLE: 1017 1150 5 Rotted Oars [Rarity: 8] (Stealable) 
-STEALABLE: 1226 966 5 Priceless Treasure [Rarity: 8] (Stealable) 
-STEALABLE: 1066 1193 5 Tyballs Flask Stand [Rarity: 9] (Stealable) 
-STEALABLE: 1131 1128 5 Block And Tackle [Rarity: 9] (Stealable) 
-STEALABLE: 1047 1108 5 Mystics Guard [Rarity: 5] (Stealable) 
-STEALABLE: 6313 1753 1 Stern Anchor of BMV Ararat [Rarity: 8] (Stealable) 
-STEALABLE: 6303 1756 1 Ships Bell of BMV Ararat [Rarity: 8] (Stealable) 
-STEALABLE: 6303 1664 1 Figurehead of BMV Ararat [Rarity: 8] (Stealable) 
-STEALABLE: 5790 579 0 Blanket of Darkness [Rarity: 8] (Stealable) 
-STEALABLE: 5865 559 0 Blanket of Darkness [Rarity: 8] (Stealable) 
-STEALABLE: 5832 576 0 Blanket of Darkness [Rarity: 8] (Stealable) 
-STEALABLE: 5703 521 0 Torture Rack South [Rarity: 10] (Stealable) 
-STEALABLE: 5680 537 0 Torture Rack East [Rarity: 10] (Stealable) 
-STEALABLE: 168 1609 3 Academic Books [Rarity: 8] (Stealable) 
-STEALABLE: 166 1642 3 Academic Books [Rarity: 8] (Stealable) 
-STEALABLE: 80 1649 3 Academic Books [Rarity: 8] (Stealable) 
-STEALABLE: 6440 2700 0 A Painting from the Personal Collection of the King (Stealable) 
-STEALABLE: 6435 2605 0 A Gilded Statue from the Personal Collection of the King (Stealable) 
-STEALABLE: 6299 2673 0 A Painting from the Personal Collection of the King (Stealable) 
-STEALABLE: 6440 2700 1 A Painting from the Personal Collection of the King (Stealable) 
-STEALABLE: 6435 2605 1 A Gilded Statue from the Personal Collection of the King (Stealable) 
-STEALABLE: 6299 2673 1 A Painting from the Personal Collection of the King (Stealable) 
-STEALABLE: 689 2125 5 Sacred Lava Rock (Stealable) 
-STEALABLE: 630 1689 5 Waku on a Spit (Stealable) 
-STEALABLE: 175 1808 5 Carved Myrmydex Glyph (Stealable) 
-STEALABLE: 396 1843 5 Hand Carved White Tiger Figurine (Stealable) 
-STEALABLE: 542 1494 5 Stretched Dinosaur Hide (Stealable) 
-STEALABLE: 425 1575 5 Dragon Turtle Hatchling Net (Stealable) 